Microchip MPLAB XC8 Compiler V1.45 ()

Linker command line:

-W-3 --edf=C:\Program Files (x86)\Microchip\xc8\v1.45\dat\en_msgs.txt -cs \
  -h+dist/default/production\pjct.production.sym \
  --cmf=dist/default/production\pjct.production.cmf -z -Q18F4550 \
  -oC:\Users\ASUS\AppData\Local\Temp\sbf0.2 \
  -Mdist/default/production/pjct.production.map -E1 -ver=XC8 \
  -ASTACK=060h-07ffh -pstack=STACK -ACODE=00h-07FFFh -ACONST=00h-07FFFh \
  -ASMALLCONST=0800h-08FFhx120 -AMEDIUMCONST=0800h-07FFFh -ACOMRAM=01h-05Fh \
  -AABS1=00h-07FFh -ABIGRAM=01h-07FFh -ARAM=060h-0FFh,0100h-01FFhx7 \
  -ABANK0=060h-0FFh -ABANK1=0100h-01FFh -ABANK2=0200h-02FFh \
  -ABANK3=0300h-03FFh -ABANK4=0400h-04FFh -ABANK5=0500h-05FFh \
  -ABANK6=0600h-06FFh -ABANK7=0700h-07FFh -ASFR=0F60h-0FFFh \
  -preset_vec=00h,intcode,intcodelo,powerup,init -pramtop=0800h \
  -psmallconst=SMALLCONST -pmediumconst=MEDIUMCONST -pconst=CONST \
  -AFARRAM=00h-00h -ACONFIG=0300000h-030000Dh -pconfig=CONFIG \
  -AIDLOC=0200000h-0200007h -pidloc=IDLOC -AEEDATA=0F00000h-0F000FFh \
  -peeprom_data=EEDATA \
  -prdata=COMRAM,nvrram=COMRAM,nvbit=COMRAM,rbss=COMRAM,rbit=COMRAM \
  -pfarbss=FARRAM,fardata=FARRAM,nvFARRAM=FARRAM \
  -pintsave_regs=BIGRAM,bigbss=BIGRAM,bigdata=BIGRAM -pbss=RAM \
  -pidata=CODE,irdata=CODE,ibigdata=CODE,ifardata=CODE -prparam=COMRAM \
  C:\Users\ASUS\AppData\Local\Temp\sbf0.obj \
  dist/default/production\pjct.production.obj 

Object code version is 3.11

Machine type is 18F4550

Call graph: (short form)




                Name                               Link     Load   Length Selector   Space Scale
C:\Users\ASUS\AppData\Local\Temp\sbf0.obj
                init                                  0        0        4        0       0
                idloc                            200000   200000        8   200000       0
                config                           300000   300000        E   300000       0
dist/default/production\pjct.production.obj
                smallconst                          800      800       10      400       0
                text7                               930      930       16      408       0
                text6                               956      956       10      408       0
                text5                               946      946       10      408       0
                text4                               91A      91A       16      408       0
                text3                               858      858       46      408       0
                text2                               89E      89E       36      408       0
                text1                               8D4      8D4       2A      408       0
                text0                               810      810       48      408       0
                cstackCOMRAM                         27       27        5        1       1
                bssCOMRAM                             1        1       26        1       1
                bitbssCOMRAM                        160       2C        2        1       1     8
                cinit                               8FE      8FE       1C      408       0

TOTAL           Name                               Link     Load   Length     Space
        CLASS   STACK          

        CLASS   CODE           
                init                                  0        0        4         0
                text7                               930      930       16         0
                text6                               956      956       10         0
                text5                               946      946       10         0
                text4                               91A      91A       16         0
                text3                               858      858       46         0
                text2                               89E      89E       36         0
                text1                               8D4      8D4       2A         0
                text0                               810      810       48         0
                cinit                               8FE      8FE       1C         0

        CLASS   CONST          

        CLASS   SMALLCONST     
                smallconst                          800      800       10         0

        CLASS   MEDIUMCONST    

        CLASS   COMRAM         
                cstackCOMRAM                         27       27        5         1
                bssCOMRAM                             1        1       26         1
                bitbssCOMRAM                        160       2C        2         1

        CLASS   ABS1           

        CLASS   BIGRAM         

        CLASS   RAM            

        CLASS   BANK0          

        CLASS   BANK1          

        CLASS   BANK2          

        CLASS   BANK3          

        CLASS   BANK4          

        CLASS   BANK5          

        CLASS   BANK6          

        CLASS   BANK7          

        CLASS   SFR            

        CLASS   FARRAM         

        CLASS   CONFIG         
                config                           300000   300000        E         0

        CLASS   IDLOC          
                idloc                            200000   200000        8         0

        CLASS   EEDATA         



SEGMENTS        Name                           Load    Length   Top    Selector   Space  Class

                reset_vec                      000000  000004  000004         0       0  CODE    
                bssCOMRAM                      000001  00002C  00002D         1       1  COMRAM  
                smallconst                     000800  000010  000810       400       0  SMALLCON
                text0                          000810  000156  000966       408       0  CODE    
                idloc                          200000  000008  200008    200000       0  IDLOC   
                config                         300000  00000E  30000E    300000       0  CONFIG  


UNUSED ADDRESS RANGES

        Name                Unused          Largest block    Delta
        BANK0            000060-0000FF               A0
        BANK1            000100-0001FF              100
        BANK2            000200-0002FF              100
        BANK3            000300-0003FF              100
        BANK4            000400-0004FF              100
        BANK5            000500-0005FF              100
        BANK6            000600-0006FF              100
        BANK7            000700-0007FF              100
        BIGRAM           00002D-0007FF              7D3
        CODE             000004-0007FF              7FC
                         000966-007FFF             769A
        COMRAM           00002D-00005F               33
        CONST            000004-0007FF              7FC
                         000966-007FFF             769A
        EEDATA           F00000-F000FF              100
        MEDIUMCONST      000966-007FFF             769A
        RAM              000060-0007FF              100
        SFR              000F60-000FFF               A0
        SMALLCONST       000966-007FFF              100
        STACK            000060-0007FF              7A0

                                  Symbol Table

Delay10KTCYx@unit         cstackCOMRAM 000028
Delay10TCYx@unit          cstackCOMRAM 000027
Delay1KTCYx@unit          cstackCOMRAM 000027
_ADCON1                   (abs)        000FC1
_Delay10KTCYx             text7        000930
_Delay10TCYx              text6        000956
_Delay1KTCYx              text5        000946
_LATBbits                 (abs)        000F8A
_LATD                     (abs)        000F8C
_LATEbits                 (abs)        000F8D
_PORTBbits                (abs)        000F81
_TRISBbits                (abs)        000F93
_TRISD                    (abs)        000F95
_TRISEbits                (abs)        000F96
__CFG_BOR$OFF             (abs)        000000
__CFG_CPUDIV$OSC2_PLL3    (abs)        000000
__CFG_FOSC$HSPLL_HS       (abs)        000000
__CFG_MCLRE$ON            (abs)        000000
__CFG_PLLDIV$2            (abs)        000000
__CFG_WDT$OFF             (abs)        000000
__HRAM                    (abs)        000000
__Habs1                   abs1         000000
__Hbank0                  bank0        000000
__Hbank1                  bank1        000000
__Hbank2                  bank2        000000
__Hbank3                  bank3        000000
__Hbank4                  bank4        000000
__Hbank5                  bank5        000000
__Hbank6                  bank6        000000
__Hbank7                  bank7        000000
__Hbigbss                 bigbss       000000
__Hbigdata                bigdata      000000
__Hbigram                 bigram       000000
__HbitbssCOMRAM           bitbssCOMRAM 000000
__Hbss                    bss          000000
__HbssCOMRAM              bssCOMRAM    000000
__Hcinit                  cinit        000000
__Hclrtext                clrtext      000000
__Hcomram                 comram       000000
__Hconfig                 config       30000E
__Hconst                  const        000000
__HcstackCOMRAM           cstackCOMRAM 000000
__Hdata                   data         000000
__Heeprom_data            eeprom_data  000000
__Hfarbss                 farbss       000000
__Hfardata                fardata      000000
__Hibigdata               ibigdata     000000
__Hidata                  idata        000000
__Hidloc                  idloc        200008
__Hifardata               ifardata     000000
__Hinit                   init         000004
__Hintcode                intcode      000000
__Hintcode_body           intcode_body 000000
__Hintcodelo              intcodelo    000000
__Hintentry               intentry     000000
__Hintret                 intret       000000
__Hintsave_regs           intsave_regs 000000
__Hirdata                 irdata       000000
__Hmediumconst            mediumconst  000000
__HnvFARRAM               nvFARRAM     000000
__Hnvbit                  nvbit        000000
__Hnvrram                 nvrram       000000
__Hparam                  rparam       000000
__Hpowerup                powerup      000000
__Hram                    ram          000000
__Hramtop                 ramtop       000800
__Hrbit                   rbit         000000
__Hrbss                   rbss         000000
__Hrdata                  rdata        000000
__Hreset_vec              reset_vec    000000
__Hrparam                 rparam       000000
__Hsfr                    sfr          000000
__Hsmallconst             smallconst   000810
__Hspace_0                (abs)        30000E
__Hspace_1                (abs)        000162
__Hspace_2                (abs)        000000
__Hstack                  stack        000000
__Hstruct                 struct       000000
__Htemp                   temp         000000
__Htext                   text         000000
__Htext0                  text0        000000
__Htext1                  text1        000000
__Htext2                  text2        000000
__Htext3                  text3        000000
__Htext4                  text4        000000
__Htext5                  text5        000000
__Htext6                  text6        000000
__Htext7                  text7        000000
__LRAM                    (abs)        000001
__Labs1                   abs1         000000
__Lbank0                  bank0        000000
__Lbank1                  bank1        000000
__Lbank2                  bank2        000000
__Lbank3                  bank3        000000
__Lbank4                  bank4        000000
__Lbank5                  bank5        000000
__Lbank6                  bank6        000000
__Lbank7                  bank7        000000
__Lbigbss                 bigbss       000000
__Lbigdata                bigdata      000000
__Lbigram                 bigram       000000
__LbitbssCOMRAM           bitbssCOMRAM 000000
__Lbss                    bss          000000
__LbssCOMRAM              bssCOMRAM    000000
__Lcinit                  cinit        000000
__Lclrtext                clrtext      000000
__Lcomram                 comram       000000
__Lconfig                 config       300000
__Lconst                  const        000000
__LcstackCOMRAM           cstackCOMRAM 000000
__Ldata                   data         000000
__Leeprom_data            eeprom_data  000000
__Lfarbss                 farbss       000000
__Lfardata                fardata      000000
__Libigdata               ibigdata     000000
__Lidata                  idata        000000
__Lidloc                  idloc        200000
__Lifardata               ifardata     000000
__Linit                   init         000000
__Lintcode                intcode      000000
__Lintcode_body           intcode_body 000000
__Lintcodelo              intcodelo    000000
__Lintentry               intentry     000000
__Lintret                 intret       000000
__Lintsave_regs           intsave_regs 000000
__Lirdata                 irdata       000000
__Lmediumconst            mediumconst  000000
__LnvFARRAM               nvFARRAM     000000
__Lnvbit                  nvbit        000000
__Lnvrram                 nvrram       000000
__Lparam                  rparam       000000
__Lpowerup                powerup      000000
__Lram                    ram          000000
__Lramtop                 ramtop       000800
__Lrbit                   rbit         000000
__Lrbss                   rbss         000000
__Lrdata                  rdata        000000
__Lreset_vec              reset_vec    000000
__Lrparam                 rparam       000000
__Lsfr                    sfr          000000
__Lsmallconst             smallconst   000800
__Lspace_0                (abs)        000000
__Lspace_1                (abs)        000000
__Lspace_2                (abs)        000000
__Lstack                  stack        000000
__Lstruct                 struct       000000
__Ltemp                   temp         000000
__Ltext                   text         000000
__Ltext0                  text0        000000
__Ltext1                  text1        000000
__Ltext2                  text2        000000
__Ltext3                  text3        000000
__Ltext4                  text4        000000
__Ltext5                  text5        000000
__Ltext6                  text6        000000
__Ltext7                  text7        000000
__S0                      (abs)        30000E
__S1                      (abs)        00002D
__S2                      (abs)        000000
___inthi_sp               stack        000000
___intlo_sp               stack        000000
___param_bank             (abs)        000000
___rparam_used            (abs)        000001
___sp                     stack        000000
__accesstop               (abs)        000060
__activetblptr            (abs)        000001
__end_of_Delay10KTCYx     text7        000946
__end_of_Delay10TCYx      text6        000966
__end_of_Delay1KTCYx      text5        000956
__end_of__initialization  cinit        00090C
__end_of_lcd_init         text3        00089E
__end_of_lcd_sendChar     text2        0008D4
__end_of_lcd_sendCommand  text4        000930
__end_of_lcd_sendString   text1        0008FE
__end_of_main             text0        000858
__initialization          cinit        0008FE
__mediumconst             mediumconst  000000
__pbitbssCOMRAM           bitbssCOMRAM 000160
__pbssCOMRAM              bssCOMRAM    000001
__pcinit                  cinit        0008FE
__pcstackCOMRAM           cstackCOMRAM 000027
__psmallconst             smallconst   000800
__ptext0                  text0        000810
__ptext1                  text1        0008D4
__ptext2                  text2        00089E
__ptext3                  text3        000858
__ptext4                  text4        00091A
__ptext5                  text5        000946
__ptext6                  text6        000956
__ptext7                  text7        000930
__ramtop                  ramtop       000800
__size_of_Delay10KTCYx    (abs)        000000
__size_of_Delay10TCYx     (abs)        000000
__size_of_Delay1KTCYx     (abs)        000000
__size_of_lcd_init        (abs)        000000
__size_of_lcd_sendChar    (abs)        000000
__size_of_lcd_sendCommand (abs)        000000
__size_of_lcd_sendString  (abs)        000000
__size_of_main            (abs)        000000
__smallconst              smallconst   000800
_buffer_RX                bssCOMRAM    000001
_lcd_init                 text3        000858
_lcd_sendChar             text2        00089E
_lcd_sendCommand          text4        00091A
_lcd_sendString           text1        0008D4
_main                     text0        000810
end_of_initialization     cinit        00090C
intlevel0                 text         000000
intlevel1                 text         000000
intlevel2                 text         000000
intlevel3                 text         000000
lcd_sendChar@data         cstackCOMRAM 000029
lcd_sendCommand@command   cstackCOMRAM 000028
lcd_sendString@str        cstackCOMRAM 00002A
main@a                    bitbssCOMRAM 000161
main@b                    bitbssCOMRAM 000160
stackhi                   (abs)        0007FF
stacklo                   (abs)        000060
start                     init         000000
start_initialization      cinit        0008FE


FUNCTION INFORMATION:

 *************** function _main *****************
 Defined at:
		line 13 in file "../main.c"
 Parameters:    Size  Location     Type
		None
 Auto vars:     Size  Location     Type
		None
 Return value:  Size  Location     Type
                  1    wreg      void 
 Registers used:
		wreg, status,2, status,0, tblptrl, tblptrh, tblptru, cstack
 Tracked objects:
		On entry : 
		On exit  : 
		Unchanged: 
 Data sizes:     COMRAM   BANK0   BANK1   BANK2   BANK3   BANK4   BANK5   BANK6   BANK7
      Params:         0       0       0       0       0       0       0       0       0
      Locals:         0       0       0       0       0       0       0       0       0
      Temps:          0       0       0       0       0       0       0       0       0
      Totals:         0       0       0       0       0       0       0       0       0
Total ram usage:        0 bytes
 Hardware stack levels required when called:    4
 This function calls:
		_Delay1KTCYx
		_lcd_init
		_lcd_sendCommand
		_lcd_sendString
 This function is called by:
		Startup code after reset
 This function uses a non-reentrant model


 *************** function _lcd_sendString *****************
 Defined at:
		line 3 in file "../../../mlcd/src/lcd_sendString.c"
 Parameters:    Size  Location     Type
  str             2    3[COMRAM] PTR unsigned char 
		 -> STR_1(13), 
 Auto vars:     Size  Location     Type
		None
 Return value:  Size  Location     Type
                  1    wreg      void 
 Registers used:
		wreg, status,2, status,0, tblptrl, tblptrh, tblptru, cstack
 Tracked objects:
		On entry : 
		On exit  : 
		Unchanged: 
 Data sizes:     COMRAM   BANK0   BANK1   BANK2   BANK3   BANK4   BANK5   BANK6   BANK7
      Params:         2       0       0       0       0       0       0       0       0
      Locals:         0       0       0       0       0       0       0       0       0
      Temps:          0       0       0       0       0       0       0       0       0
      Totals:         2       0       0       0       0       0       0       0       0
Total ram usage:        2 bytes
 Hardware stack levels used:    1
 Hardware stack levels required when called:    3
 This function calls:
		_lcd_sendChar
 This function is called by:
		_main
		_lcd_sendStringXY
 This function uses a non-reentrant model


 *************** function _lcd_sendChar *****************
 Defined at:
		line 3 in file "../../../mlcd/src/lcd_sendChar.c"
 Parameters:    Size  Location     Type
  data            1    wreg     unsigned char 
 Auto vars:     Size  Location     Type
  data            1    2[COMRAM] unsigned char 
 Return value:  Size  Location     Type
                  1    wreg      void 
 Registers used:
		wreg, status,2, status,0, cstack
 Tracked objects:
		On entry : 
		On exit  : 
		Unchanged: 
 Data sizes:     COMRAM   BANK0   BANK1   BANK2   BANK3   BANK4   BANK5   BANK6   BANK7
      Params:         0       0       0       0       0       0       0       0       0
      Locals:         1       0       0       0       0       0       0       0       0
      Temps:          0       0       0       0       0       0       0       0       0
      Totals:         1       0       0       0       0       0       0       0       0
Total ram usage:        1 bytes
 Hardware stack levels used:    1
 Hardware stack levels required when called:    2
 This function calls:
		_Delay1KTCYx
		_lcd_sendCommand
 This function is called by:
		_lcd_sendString
 This function uses a non-reentrant model


 *************** function _lcd_init *****************
 Defined at:
		line 4 in file "../../../mlcd/src/lcd_init.c"
 Parameters:    Size  Location     Type
		None
 Auto vars:     Size  Location     Type
		None
 Return value:  Size  Location     Type
                  1    wreg      void 
 Registers used:
		wreg, status,2, cstack
 Tracked objects:
		On entry : 
		On exit  : 
		Unchanged: 
 Data sizes:     COMRAM   BANK0   BANK1   BANK2   BANK3   BANK4   BANK5   BANK6   BANK7
      Params:         0       0       0       0       0       0       0       0       0
      Locals:         0       0       0       0       0       0       0       0       0
      Temps:          0       0       0       0       0       0       0       0       0
      Totals:         0       0       0       0       0       0       0       0       0
Total ram usage:        0 bytes
 Hardware stack levels used:    1
 Hardware stack levels required when called:    2
 This function calls:
		_Delay10KTCYx
		_Delay10TCYx
		_Delay1KTCYx
		_lcd_sendCommand
 This function is called by:
		_main
 This function uses a non-reentrant model


 *************** function _lcd_sendCommand *****************
 Defined at:
		line 3 in file "../../../mlcd/src/lcd_sendCommand.c"
 Parameters:    Size  Location     Type
  command         1    wreg     unsigned char 
 Auto vars:     Size  Location     Type
  command         1    1[COMRAM] unsigned char 
 Return value:  Size  Location     Type
                  1    wreg      void 
 Registers used:
		wreg, cstack
 Tracked objects:
		On entry : 
		On exit  : 
		Unchanged: 
 Data sizes:     COMRAM   BANK0   BANK1   BANK2   BANK3   BANK4   BANK5   BANK6   BANK7
      Params:         0       0       0       0       0       0       0       0       0
      Locals:         1       0       0       0       0       0       0       0       0
      Temps:          0       0       0       0       0       0       0       0       0
      Totals:         1       0       0       0       0       0       0       0       0
Total ram usage:        1 bytes
 Hardware stack levels used:    1
 Hardware stack levels required when called:    1
 This function calls:
		_Delay1KTCYx
 This function is called by:
		_main
		_lcd_init
		_lcd_sendChar
		_lcd_goto
		_lcd_sendStringXY
 This function uses a non-reentrant model


 *************** function _Delay1KTCYx *****************
 Defined at:
		line 8 in file "C:\Program Files (x86)\Microchip\xc8\v1.45\sources\pic18\d1ktcyx.c"
 Parameters:    Size  Location     Type
  unit            1    wreg     unsigned char 
 Auto vars:     Size  Location     Type
  unit            1    0[COMRAM] unsigned char 
 Return value:  Size  Location     Type
                  1    wreg      void 
 Registers used:
		wreg
 Tracked objects:
		On entry : 
		On exit  : 
		Unchanged: 
 Data sizes:     COMRAM   BANK0   BANK1   BANK2   BANK3   BANK4   BANK5   BANK6   BANK7
      Params:         0       0       0       0       0       0       0       0       0
      Locals:         1       0       0       0       0       0       0       0       0
      Temps:          0       0       0       0       0       0       0       0       0
      Totals:         1       0       0       0       0       0       0       0       0
Total ram usage:        1 bytes
 Hardware stack levels used:    1
 This function calls:
		Nothing
 This function is called by:
		_main
		_lcd_init
		_lcd_sendChar
		_lcd_sendCommand
 This function uses a non-reentrant model


 *************** function _Delay10TCYx *****************
 Defined at:
		line 8 in file "C:\Program Files (x86)\Microchip\xc8\v1.45\sources\pic18\d10tcyx.c"
 Parameters:    Size  Location     Type
  unit            1    wreg     unsigned char 
 Auto vars:     Size  Location     Type
  unit            1    0[COMRAM] unsigned char 
 Return value:  Size  Location     Type
                  1    wreg      void 
 Registers used:
		wreg
 Tracked objects:
		On entry : 
		On exit  : 
		Unchanged: 
 Data sizes:     COMRAM   BANK0   BANK1   BANK2   BANK3   BANK4   BANK5   BANK6   BANK7
      Params:         0       0       0       0       0       0       0       0       0
      Locals:         1       0       0       0       0       0       0       0       0
      Temps:          0       0       0       0       0       0       0       0       0
      Totals:         1       0       0       0       0       0       0       0       0
Total ram usage:        1 bytes
 Hardware stack levels used:    1
 This function calls:
		Nothing
 This function is called by:
		_lcd_init
 This function uses a non-reentrant model


 *************** function _Delay10KTCYx *****************
 Defined at:
		line 8 in file "C:\Program Files (x86)\Microchip\xc8\v1.45\sources\pic18\d10ktcyx.c"
 Parameters:    Size  Location     Type
  unit            1    wreg     unsigned char 
 Auto vars:     Size  Location     Type
  unit            1    1[COMRAM] unsigned char 
 Return value:  Size  Location     Type
                  1    wreg      void 
 Registers used:
		wreg
 Tracked objects:
		On entry : 
		On exit  : 
		Unchanged: 
 Data sizes:     COMRAM   BANK0   BANK1   BANK2   BANK3   BANK4   BANK5   BANK6   BANK7
      Params:         0       0       0       0       0       0       0       0       0
      Locals:         1       0       0       0       0       0       0       0       0
      Temps:          1       0       0       0       0       0       0       0       0
      Totals:         2       0       0       0       0       0       0       0       0
Total ram usage:        2 bytes
 Hardware stack levels used:    1
 This function calls:
		Nothing
 This function is called by:
		_lcd_init
 This function uses a non-reentrant model



MODULE INFORMATION

Module		Function		Class		Link	Load	Size
../main.c
		_main          		CODE           	0810	0000	73

../main.c estimated size: 73

../../../mlcd/src/lcd_sendChar.c
		_lcd_sendChar  		CODE           	089E	0000	55

../../../mlcd/src/lcd_sendChar.c estimated size: 55

C:\Program Files (x86)\Microchip\xc8\v1.45\sources\pic18\d10tcyx.c
		_Delay10TCYx   		CODE           	0956	0000	17

C:\Program Files (x86)\Microchip\xc8\v1.45\sources\pic18\d10tcyx.c estimated size: 17

../../../mlcd/src/lcd_init.c
		_lcd_init      		CODE           	0858	0000	71

../../../mlcd/src/lcd_init.c estimated size: 71

C:\Program Files (x86)\Microchip\xc8\v1.45\sources\pic18\d1ktcyx.c
		_Delay1KTCYx   		CODE           	0946	0000	17

C:\Program Files (x86)\Microchip\xc8\v1.45\sources\pic18\d1ktcyx.c estimated size: 17

shared
		__initialization		CODE           	08FE	0000	15

shared estimated size: 15

../../../mlcd/src/lcd_sendString.c
		_lcd_sendString		CODE           	08D4	0000	43

../../../mlcd/src/lcd_sendString.c estimated size: 43

C:\Program Files (x86)\Microchip\xc8\v1.45\sources\pic18\d10ktcyx.c
		_Delay10KTCYx  		CODE           	0930	0000	23

C:\Program Files (x86)\Microchip\xc8\v1.45\sources\pic18\d10ktcyx.c estimated size: 23

../../../mlcd/src/lcd_sendCommand.c
		_lcd_sendCommand		CODE           	091A	0000	23

../../../mlcd/src/lcd_sendCommand.c estimated size: 23

