Microchip MPLAB XC8 Compiler V1.45 ()

Linker command line:

-W-3 --edf=C:\Program Files (x86)\Microchip\xc8\v1.45\dat\en_msgs.txt -cs \
  -h+dist/default/production\tftlcd_test.X.production.sym \
  --cmf=dist/default/production\tftlcd_test.X.production.cmf -z -Q18F4550 \
  -oC:\Users\ASUS\AppData\Local\Temp\s2ho.2 \
  -Mdist/default/production/tftlcd_test.X.production.map -E1 -ver=XC8 \
  -ASTACK=0F0h-07ffh -pstack=STACK -ACODE=00h-07FFFh -ACONST=00h-07FFFh \
  -ASMALLCONST=0800h-08FFhx120 -AMEDIUMCONST=0800h-07FFFh -ACOMRAM=01h-05Fh \
  -AABS1=00h-07FFh -ABIGRAM=01h-07FFh -ARAM=060h-0FFh,0100h-01FFhx7 \
  -ABANK0=060h-0FFh -ABANK1=0100h-01FFh -ABANK2=0200h-02FFh \
  -ABANK3=0300h-03FFh -ABANK4=0400h-04FFh -ABANK5=0500h-05FFh \
  -ABANK6=0600h-06FFh -ABANK7=0700h-07FFh -ASFR=0F60h-0FFFh \
  -preset_vec=00h,intcode,intcodelo,powerup,init -pramtop=0800h \
  -psmallconst=SMALLCONST -pmediumconst=MEDIUMCONST -pconst=CONST \
  -AFARRAM=00h-00h -ACONFIG=0300000h-030000Dh -pconfig=CONFIG \
  -AIDLOC=0200000h-0200007h -pidloc=IDLOC -AEEDATA=0F00000h-0F000FFh \
  -peeprom_data=EEDATA \
  -prdata=COMRAM,nvrram=COMRAM,nvbit=COMRAM,rbss=COMRAM,rbit=COMRAM \
  -pfarbss=FARRAM,fardata=FARRAM,nvFARRAM=FARRAM \
  -pintsave_regs=BIGRAM,bigbss=BIGRAM,bigdata=BIGRAM -pbss=RAM \
  -pidata=CODE,irdata=CODE,ibigdata=CODE,ifardata=CODE -prparam=COMRAM \
  C:\Users\ASUS\AppData\Local\Temp\s2ho.obj \
  dist/default/production\tftlcd_test.X.production.obj 

Object code version is 3.11

Machine type is 18F4550

Call graph: (short form)




                Name                               Link     Load   Length Selector   Space Scale
C:\Users\ASUS\AppData\Local\Temp\s2ho.obj
                init                                  0        0        4        0       0
                idloc                            200000   200000        8   200000       0
                config                           300000   300000        E   300000       0
dist/default/production\tftlcd_test.X.production.obj
                mediumconst                        7AF0     7AF0      510     3D78       0
                text17                             72C6     72C6       12     3963       0
                text16                             72D8     72D8       12     396C       0
                text15                             7300     7300       1A     3980       0
                text14                             7548     7548       88     3AA4       0
                text13                             75D0     75D0       AE     3AE8       0
                text12                             73CE     73CE       50     39E7       0
                text11                             741E     741E       56     3A0F       0
                text10                             7756     7756      130     3BAB       0
                text9                              7886     7886      26A     3C43       0
                text8                              731A     731A       2A     398D       0
                text7                              729C     729C        A     394E       0
                text6                              7294     7294        8     394A       0
                text5                              7388     7388       46     39C4       0
                text4                              72EA     72EA       16     3975       0
                text3                              72A6     72A6       10     3953       0
                text2                              7474     7474       6A     3A3A       0
                text1                              767E     767E       D8     3B3F       0
                text0                              72B6     72B6       10     395B       0
                cstackCOMRAM                         33       33       2C        1       1
                dataBANK0                            60       60       6A       60       1
                bssBANK0                             CA       CA       26       60       1
                bssCOMRAM                             1        1       32        1       1
                bitbssCOMRAM                        2F8       5F        1        1       1     8
                cinit                              7344     7344       44     39A2       0
                idataBANK0                         74DE     74DE       6A     74DE       0

TOTAL           Name                               Link     Load   Length     Space
        CLASS   STACK          

        CLASS   CODE           
                init                                  0        0        4         0
                text17                             72C6     72C6       12         0
                text16                             72D8     72D8       12         0
                text15                             7300     7300       1A         0
                text14                             7548     7548       88         0
                text13                             75D0     75D0       AE         0
                text12                             73CE     73CE       50         0
                text11                             741E     741E       56         0
                text10                             7756     7756      130         0
                text9                              7886     7886      26A         0
                text8                              731A     731A       2A         0
                text7                              729C     729C        A         0
                text6                              7294     7294        8         0
                text5                              7388     7388       46         0
                text4                              72EA     72EA       16         0
                text3                              72A6     72A6       10         0
                text2                              7474     7474       6A         0
                text1                              767E     767E       D8         0
                text0                              72B6     72B6       10         0
                cinit                              7344     7344       44         0
                idataBANK0                         74DE     74DE       6A         0

        CLASS   CONST          

        CLASS   SMALLCONST     

        CLASS   MEDIUMCONST    
                mediumconst                        7AF0     7AF0      510         0

        CLASS   COMRAM         
                cstackCOMRAM                         33       33       2C         1
                bssCOMRAM                             1        1       32         1
                bitbssCOMRAM                        2F8       5F        1         1

        CLASS   ABS1           

        CLASS   BIGRAM         

        CLASS   RAM            

        CLASS   BANK0          
                dataBANK0                            60       60       6A         1
                bssBANK0                             CA       CA       26         1

        CLASS   BANK1          

        CLASS   BANK2          

        CLASS   BANK3          

        CLASS   BANK4          

        CLASS   BANK5          

        CLASS   BANK6          

        CLASS   BANK7          

        CLASS   SFR            

        CLASS   FARRAM         

        CLASS   CONFIG         
                config                           300000   300000        E         0

        CLASS   IDLOC          
                idloc                            200000   200000        8         0

        CLASS   EEDATA         



SEGMENTS        Name                           Load    Length   Top    Selector   Space  Class

                reset_vec                      000000  000004  000004         0       0  CODE    
                bssCOMRAM                      000001  00005F  000060         1       1  COMRAM  
                dataBANK0                      000060  000090  0000F0        60       1  BANK0   
                text6                          007294  000008  00729C      394A       0  CODE    
                text7                          00729C  00000A  0072A6      394E       0  CODE    
                text3                          0072A6  000010  0072B6      3953       0  CODE    
                text0                          0072B6  000010  0072C6      395B       0  CODE    
                text17                         0072C6  000012  0072D8      3963       0  CODE    
                text16                         0072D8  000012  0072EA      396C       0  CODE    
                text4                          0072EA  000016  007300      3975       0  CODE    
                text15                         007300  00001A  00731A      3980       0  CODE    
                text8                          00731A  00002A  007344      398D       0  CODE    
                cinit                          007344  000044  007388      39A2       0  CODE    
                text5                          007388  000046  0073CE      39C4       0  CODE    
                text12                         0073CE  000050  00741E      39E7       0  CODE    
                text11                         00741E  000056  007474      3A0F       0  CODE    
                text2                          007474  00006A  0074DE      3A3A       0  CODE    
                idataBANK0                     0074DE  00006A  007548      74DE       0  CODE    
                text14                         007548  000088  0075D0      3AA4       0  CODE    
                text13                         0075D0  0000AE  00767E      3AE8       0  CODE    
                text1                          00767E  0000D8  007756      3B3F       0  CODE    
                text10                         007756  000130  007886      3BAB       0  CODE    
                text9                          007886  00026A  007AF0      3C43       0  CODE    
                mediumconst                    007AF0  000510  008000      3D78       0  MEDIUMCO
                idloc                          200000  000008  200008    200000       0  IDLOC   
                config                         300000  00000E  30000E    300000       0  CONFIG  


UNUSED ADDRESS RANGES

        Name                Unused          Largest block    Delta
        BANK0            0000F0-0000FF               10
        BANK1            000100-0001FF              100
        BANK2            000200-0002FF              100
        BANK3            000300-0003FF              100
        BANK4            000400-0004FF              100
        BANK5            000500-0005FF              100
        BANK6            000600-0006FF              100
        BANK7            000700-0007FF              100
        BIGRAM           0000F0-0007FF              710
        CODE             000004-007293             7290
        CONST            000004-007293             7290
        EEDATA           F00000-F000FF              100
        MEDIUMCONST      000800-007293             6A94
        RAM              0000F0-0007FF              100
        SFR              000F60-000FFF               A0
        SMALLCONST       000800-007293              100
        STACK            0000F0-0007FF              710

                                  Symbol Table

?___lmul                       cstackCOMRAM 000033
Delay10KTCYx@unit              cstackCOMRAM 000034
Delay1KTCYx@unit               cstackCOMRAM 000033
_ADCON0                        (abs)        000FC2
_ADCON1                        (abs)        000FC1
_CS                            (abs)        007C22
_Delay10KTCYx                  text4        0072EA
_Delay1KTCYx                   text3        0072A6
_Error_code_G                  bssCOMRAM    000032
_LATAbits                      (abs)        000F89
_LATBbits                      (abs)        000F8A
_LATCbits                      (abs)        000F8B
_MText                         bssCOMRAM    000024
_PIR1bits                      (abs)        000F9E
_PORTBbits                     (abs)        000F81
_SCH_tasks_G                   bssCOMRAM    000001
_SSPBUF                        (abs)        000FC9
_SSPCON1                       (abs)        000FC6
_SSPCON1bits                   (abs)        000FC6
_SSPSTATbits                   (abs)        000FC7
_TICK                          bitbssCOMRAM 0002F8
_TRISAbits                     (abs)        000F92
_TRISBbits                     (abs)        000F93
_TRISCbits                     (abs)        000F94
__CFG_BOR$OFF                  (abs)        000000
__CFG_CPUDIV$OSC2_PLL3         (abs)        000000
__CFG_FOSC$HSPLL_HS            (abs)        000000
__CFG_MCLRE$ON                 (abs)        000000
__CFG_PLLDIV$2                 (abs)        000000
__CFG_WDT$OFF                  (abs)        000000
__HRAM                         (abs)        000000
__Habs1                        abs1         000000
__Hbank0                       bank0        000000
__Hbank1                       bank1        000000
__Hbank2                       bank2        000000
__Hbank3                       bank3        000000
__Hbank4                       bank4        000000
__Hbank5                       bank5        000000
__Hbank6                       bank6        000000
__Hbank7                       bank7        000000
__Hbigbss                      bigbss       000000
__Hbigdata                     bigdata      000000
__Hbigram                      bigram       000000
__HbitbssCOMRAM                bitbssCOMRAM 000000
__Hbss                         bss          000000
__HbssBANK0                    bssBANK0     000000
__HbssCOMRAM                   bssCOMRAM    000000
__Hcinit                       cinit        000000
__Hclrtext                     clrtext      000000
__Hcomram                      comram       000000
__Hconfig                      config       30000E
__Hconst                       const        000000
__HcstackCOMRAM                cstackCOMRAM 000000
__Hdata                        data         000000
__HdataBANK0                   dataBANK0    000000
__Heeprom_data                 eeprom_data  000000
__Hfarbss                      farbss       000000
__Hfardata                     fardata      000000
__Hibigdata                    ibigdata     000000
__Hidata                       idata        000000
__HidataBANK0                  idataBANK0   000000
__Hidloc                       idloc        200008
__Hifardata                    ifardata     000000
__Hinit                        init         000004
__Hintcode                     intcode      000000
__Hintcode_body                intcode_body 000000
__Hintcodelo                   intcodelo    000000
__Hintentry                    intentry     000000
__Hintret                      intret       000000
__Hintsave_regs                intsave_regs 000000
__Hirdata                      irdata       000000
__Hmediumconst                 mediumconst  008000
__HnvFARRAM                    nvFARRAM     000000
__Hnvbit                       nvbit        000000
__Hnvrram                      nvrram       000000
__Hparam                       rparam       000000
__Hpowerup                     powerup      000000
__Hram                         ram          000000
__Hramtop                      ramtop       000800
__Hrbit                        rbit         000000
__Hrbss                        rbss         000000
__Hrdata                       rdata        000000
__Hreset_vec                   reset_vec    000000
__Hrparam                      rparam       000000
__Hsfr                         sfr          000000
__Hsmallconst                  smallconst   000000
__Hspace_0                     (abs)        30000E
__Hspace_1                     (abs)        0002F9
__Hspace_2                     (abs)        000000
__Hstack                       stack        000000
__Hstruct                      struct       000000
__Htemp                        temp         000000
__Htext                        text         000000
__Htext0                       text0        000000
__Htext1                       text1        000000
__Htext10                      text10       000000
__Htext11                      text11       000000
__Htext12                      text12       000000
__Htext13                      text13       000000
__Htext14                      text14       000000
__Htext15                      text15       000000
__Htext16                      text16       000000
__Htext17                      text17       000000
__Htext2                       text2        000000
__Htext3                       text3        000000
__Htext4                       text4        000000
__Htext5                       text5        000000
__Htext6                       text6        000000
__Htext7                       text7        000000
__Htext8                       text8        000000
__Htext9                       text9        000000
__LRAM                         (abs)        000001
__Labs1                        abs1         000000
__Lbank0                       bank0        000000
__Lbank1                       bank1        000000
__Lbank2                       bank2        000000
__Lbank3                       bank3        000000
__Lbank4                       bank4        000000
__Lbank5                       bank5        000000
__Lbank6                       bank6        000000
__Lbank7                       bank7        000000
__Lbigbss                      bigbss       000000
__Lbigdata                     bigdata      000000
__Lbigram                      bigram       000000
__LbitbssCOMRAM                bitbssCOMRAM 000000
__Lbss                         bss          000000
__LbssBANK0                    bssBANK0     000000
__LbssCOMRAM                   bssCOMRAM    000000
__Lcinit                       cinit        000000
__Lclrtext                     clrtext      000000
__Lcomram                      comram       000000
__Lconfig                      config       300000
__Lconst                       const        000000
__LcstackCOMRAM                cstackCOMRAM 000000
__Ldata                        data         000000
__LdataBANK0                   dataBANK0    000000
__Leeprom_data                 eeprom_data  000000
__Lfarbss                      farbss       000000
__Lfardata                     fardata      000000
__Libigdata                    ibigdata     000000
__Lidata                       idata        000000
__LidataBANK0                  idataBANK0   000000
__Lidloc                       idloc        200000
__Lifardata                    ifardata     000000
__Linit                        init         000000
__Lintcode                     intcode      000000
__Lintcode_body                intcode_body 000000
__Lintcodelo                   intcodelo    000000
__Lintentry                    intentry     000000
__Lintret                      intret       000000
__Lintsave_regs                intsave_regs 000000
__Lirdata                      irdata       000000
__Lmediumconst                 mediumconst  007AF0
__LnvFARRAM                    nvFARRAM     000000
__Lnvbit                       nvbit        000000
__Lnvrram                      nvrram       000000
__Lparam                       rparam       000000
__Lpowerup                     powerup      000000
__Lram                         ram          000000
__Lramtop                      ramtop       000800
__Lrbit                        rbit         000000
__Lrbss                        rbss         000000
__Lrdata                       rdata        000000
__Lreset_vec                   reset_vec    000000
__Lrparam                      rparam       000000
__Lsfr                         sfr          000000
__Lsmallconst                  smallconst   000000
__Lspace_0                     (abs)        000000
__Lspace_1                     (abs)        000000
__Lspace_2                     (abs)        000000
__Lstack                       stack        000000
__Lstruct                      struct       000000
__Ltemp                        temp         000000
__Ltext                        text         000000
__Ltext0                       text0        000000
__Ltext1                       text1        000000
__Ltext10                      text10       000000
__Ltext11                      text11       000000
__Ltext12                      text12       000000
__Ltext13                      text13       000000
__Ltext14                      text14       000000
__Ltext15                      text15       000000
__Ltext16                      text16       000000
__Ltext17                      text17       000000
__Ltext2                       text2        000000
__Ltext3                       text3        000000
__Ltext4                       text4        000000
__Ltext5                       text5        000000
__Ltext6                       text6        000000
__Ltext7                       text7        000000
__Ltext8                       text8        000000
__Ltext9                       text9        000000
__S0                           (abs)        30000E
__S1                           (abs)        0000F0
__S2                           (abs)        000000
___inthi_sp                    stack        000000
___intlo_sp                    stack        000000
___lmul                        text11       00741E
___lmul@multiplicand           cstackCOMRAM 000037
___lmul@multiplier             cstackCOMRAM 000033
___lmul@product                cstackCOMRAM 00003B
___param_bank                  (abs)        000000
___rparam_used                 (abs)        000001
___sp                          stack        000000
__accesstop                    (abs)        000060
__activetblptr                 (abs)        000002
__end_of_Delay10KTCYx          text4        007300
__end_of_Delay1KTCYx           text3        0072B6
__end_of___lmul                text11       007474
__end_of__initialization       cinit        00737E
__end_of_main                  text0        0072C6
__end_of_mfont                 mediumconst  007FF1
__end_of_spi_init              text2        0074DE
__end_of_spi_write             text16       0072EA
__end_of_testText              text5        0073CE
__end_of_tft_graph_drawHLine   text13       00767E
__end_of_tft_graph_draw_pixel  text12       00741E
__end_of_tft_graph_fill_rect   text10       007886
__end_of_tft_lcd_init          text1        007756
__end_of_tft_lcd_send          text15       00731A
__end_of_tft_set_addr_window   text14       0075D0
__end_of_tft_text_gotoXY       text17       0072D8
__end_of_tft_text_print        text9        007AF0
__end_of_tft_text_printf       text8        007344
__end_of_tft_text_set_color    text7        0072A6
__end_of_tft_text_set_size     text6        00729C
__initialization               cinit        007344
__mediumconst                  mediumconst  007AF0
__pbitbssCOMRAM                bitbssCOMRAM 0002F8
__pbssBANK0                    bssBANK0     0000CA
__pbssCOMRAM                   bssCOMRAM    000001
__pcinit                       cinit        007344
__pcstackCOMRAM                cstackCOMRAM 000033
__pdataBANK0                   dataBANK0    000060
__pidataBANK0                  idataBANK0   0074DE
__pmediumconst                 mediumconst  007AF0
__ptext0                       text0        0072B6
__ptext1                       text1        00767E
__ptext10                      text10       007756
__ptext11                      text11       00741E
__ptext12                      text12       0073CE
__ptext13                      text13       0075D0
__ptext14                      text14       007548
__ptext15                      text15       007300
__ptext16                      text16       0072D8
__ptext17                      text17       0072C6
__ptext2                       text2        007474
__ptext3                       text3        0072A6
__ptext4                       text4        0072EA
__ptext5                       text5        007388
__ptext6                       text6        007294
__ptext7                       text7        00729C
__ptext8                       text8        00731A
__ptext9                       text9        007886
__ramtop                       ramtop       000800
__size_of_Delay10KTCYx         (abs)        000000
__size_of_Delay1KTCYx          (abs)        000000
__size_of___lmul               (abs)        000000
__size_of_main                 (abs)        000000
__size_of_spi_init             (abs)        000000
__size_of_spi_write            (abs)        000000
__size_of_testText             (abs)        000000
__size_of_tft_graph_drawHLine  (abs)        000000
__size_of_tft_graph_draw_pixel (abs)        000000
__size_of_tft_graph_fill_rect  (abs)        000000
__size_of_tft_lcd_init         (abs)        000000
__size_of_tft_lcd_send         (abs)        000000
__size_of_tft_set_addr_window  (abs)        000000
__size_of_tft_text_gotoXY      (abs)        000000
__size_of_tft_text_print       (abs)        000000
__size_of_tft_text_printf      (abs)        000000
__size_of_tft_text_set_color   (abs)        000000
__size_of_tft_text_set_size    (abs)        000000
__smallconst                   smallconst   000000
_buffer_RX                     bssBANK0     0000CA
_currantPoint                  bssCOMRAM    00002E
_initcmd                       dataBANK0    000060
_main                          text0        0072B6
_mfont                         mediumconst  007AF1
_spi_init                      text2        007474
_spi_write                     text16       0072D8
_testText                      text5        007388
_tft_graph_drawHLine           text13       0075D0
_tft_graph_draw_pixel          text12       0073CE
_tft_graph_fill_rect           text10       007756
_tft_lcd_init                  text1        00767E
_tft_lcd_send                  text15       007300
_tft_set_addr_window           text14       007548
_tft_text_gotoXY               text17       0072C6
_tft_text_print                text9        007886
_tft_text_printf               text8        00731A
_tft_text_set_color            text7        00729C
_tft_text_set_size             text6        007294
end_of_initialization          cinit        00737E
intlevel0                      text         000000
intlevel1                      text         000000
intlevel2                      text         000000
intlevel3                      text         000000
spi_init@mode                  cstackCOMRAM 000033
spi_init@x                     cstackCOMRAM 000034
spi_write@data                 cstackCOMRAM 000034
spi_write@data_flush           cstackCOMRAM 000033
stackhi                        (abs)        0007FF
stacklo                        (abs)        0000F0
start                          init         000000
start_initialization           cinit        007344
tft_graph_drawHLine@color      cstackCOMRAM 00004B
tft_graph_drawHLine@w          cstackCOMRAM 000049
tft_graph_drawHLine@x          cstackCOMRAM 000045
tft_graph_drawHLine@y          cstackCOMRAM 000047
tft_graph_draw_pixel@color     cstackCOMRAM 000049
tft_graph_draw_pixel@x         cstackCOMRAM 000045
tft_graph_draw_pixel@y         cstackCOMRAM 000047
tft_graph_fill_rect@color      cstackCOMRAM 00004D
tft_graph_fill_rect@h          cstackCOMRAM 00004B
tft_graph_fill_rect@px         cstackCOMRAM 000053
tft_graph_fill_rect@w          cstackCOMRAM 000049
tft_graph_fill_rect@x          cstackCOMRAM 000045
tft_graph_fill_rect@y          cstackCOMRAM 000047
tft_lcd_init@addr              cstackCOMRAM 00003A
tft_lcd_init@cmd               cstackCOMRAM 000039
tft_lcd_init@numArgs           cstackCOMRAM 000037
tft_lcd_init@x                 cstackCOMRAM 000038
tft_lcd_send@dc                cstackCOMRAM 000036
tft_lcd_send@value             cstackCOMRAM 000035
tft_set_addr_window@h          cstackCOMRAM 00003D
tft_set_addr_window@w          cstackCOMRAM 00003B
tft_set_addr_window@x1         cstackCOMRAM 000037
tft_set_addr_window@x2         cstackCOMRAM 000041
tft_set_addr_window@y1         cstackCOMRAM 000039
tft_set_addr_window@y2         cstackCOMRAM 000043
tft_text_gotoXY@x              cstackCOMRAM 000033
tft_text_gotoXY@y              cstackCOMRAM 000035
tft_text_print@c               cstackCOMRAM 00005A
tft_text_print@i               cstackCOMRAM 00005C
tft_text_print@j               cstackCOMRAM 00005B
tft_text_print@line            cstackCOMRAM 000059
tft_text_printf@str            cstackCOMRAM 00005D
tft_text_set_color@textcolor   cstackCOMRAM 000033
tft_text_set_size@textsize     cstackCOMRAM 000033


FUNCTION INFORMATION:

 *************** function _main *****************
 Defined at:
		line 20 in file "main.c"
 Parameters:    Size  Location     Type
		None
 Auto vars:     Size  Location     Type
		None
 Return value:  Size  Location     Type
                  1    wreg      void 
 Registers used:
		wreg, fsr2l, fsr2h, status,2, status,0, tblptrl, tblptrh, tblptru, prodl, prodh, cstack
 Tracked objects:
		On entry : 
		On exit  : 
		Unchanged: 
 Data sizes:     COMRAM   BANK0   BANK1   BANK2   BANK3   BANK4   BANK5   BANK6   BANK7
      Params:         0       0       0       0       0       0       0       0       0
      Locals:         0       0       0       0       0       0       0       0       0
      Temps:          0       0       0       0       0       0       0       0       0
      Totals:         0       0       0       0       0       0       0       0       0
Total ram usage:        0 bytes
 Hardware stack levels required when called:    7
 This function calls:
		_Delay10KTCYx
		_testText
		_tft_lcd_init
 This function is called by:
		Startup code after reset
 This function uses a non-reentrant model


 *************** function _tft_lcd_init *****************
 Defined at:
		line 15 in file "tft_lcd_init.c"
 Parameters:    Size  Location     Type
		None
 Auto vars:     Size  Location     Type
  addr            2    7[COMRAM] PTR unsigned char 
		 -> initcmd(106), 
  cmd             1    6[COMRAM] unsigned char 
  x               1    5[COMRAM] unsigned char 
  numArgs         1    4[COMRAM] unsigned char 
 Return value:  Size  Location     Type
                  1    wreg      void 
 Registers used:
		wreg, fsr2l, fsr2h, status,2, status,0, cstack
 Tracked objects:
		On entry : 
		On exit  : 
		Unchanged: 
 Data sizes:     COMRAM   BANK0   BANK1   BANK2   BANK3   BANK4   BANK5   BANK6   BANK7
      Params:         0       0       0       0       0       0       0       0       0
      Locals:         5       0       0       0       0       0       0       0       0
      Temps:          0       0       0       0       0       0       0       0       0
      Totals:         5       0       0       0       0       0       0       0       0
Total ram usage:        5 bytes
 Hardware stack levels used:    1
 Hardware stack levels required when called:    2
 This function calls:
		_Delay10KTCYx
		_Delay1KTCYx
		_spi_init
		_spi_write
		_tft_lcd_send
 This function is called by:
		_main
 This function uses a non-reentrant model


 *************** function _spi_init *****************
 Defined at:
		line 3 in file "../../../../spi/src/hard/spi_init.c"
 Parameters:    Size  Location     Type
  x               1    wreg     enum E3803
  mode            1    0[COMRAM] enum E3797
 Auto vars:     Size  Location     Type
  x               1    1[COMRAM] enum E3803
 Return value:  Size  Location     Type
                  1    wreg      void 
 Registers used:
		wreg, status,2, status,0
 Tracked objects:
		On entry : 
		On exit  : 
		Unchanged: 
 Data sizes:     COMRAM   BANK0   BANK1   BANK2   BANK3   BANK4   BANK5   BANK6   BANK7
      Params:         1       0       0       0       0       0       0       0       0
      Locals:         1       0       0       0       0       0       0       0       0
      Temps:          0       0       0       0       0       0       0       0       0
      Totals:         2       0       0       0       0       0       0       0       0
Total ram usage:        2 bytes
 Hardware stack levels used:    1
 This function calls:
		Nothing
 This function is called by:
		_tft_lcd_init
 This function uses a non-reentrant model


 *************** function _Delay1KTCYx *****************
 Defined at:
		line 8 in file "C:\Program Files (x86)\Microchip\xc8\v1.45\sources\pic18\d1ktcyx.c"
 Parameters:    Size  Location     Type
  unit            1    wreg     unsigned char 
 Auto vars:     Size  Location     Type
  unit            1    0[COMRAM] unsigned char 
 Return value:  Size  Location     Type
                  1    wreg      void 
 Registers used:
		wreg
 Tracked objects:
		On entry : 
		On exit  : 
		Unchanged: 
 Data sizes:     COMRAM   BANK0   BANK1   BANK2   BANK3   BANK4   BANK5   BANK6   BANK7
      Params:         0       0       0       0       0       0       0       0       0
      Locals:         1       0       0       0       0       0       0       0       0
      Temps:          0       0       0       0       0       0       0       0       0
      Totals:         1       0       0       0       0       0       0       0       0
Total ram usage:        1 bytes
 Hardware stack levels used:    1
 This function calls:
		Nothing
 This function is called by:
		_tft_lcd_init
 This function uses a non-reentrant model


 *************** function _Delay10KTCYx *****************
 Defined at:
		line 8 in file "C:\Program Files (x86)\Microchip\xc8\v1.45\sources\pic18\d10ktcyx.c"
 Parameters:    Size  Location     Type
  unit            1    wreg     unsigned char 
 Auto vars:     Size  Location     Type
  unit            1    1[COMRAM] unsigned char 
 Return value:  Size  Location     Type
                  1    wreg      void 
 Registers used:
		wreg
 Tracked objects:
		On entry : 
		On exit  : 
		Unchanged: 
 Data sizes:     COMRAM   BANK0   BANK1   BANK2   BANK3   BANK4   BANK5   BANK6   BANK7
      Params:         0       0       0       0       0       0       0       0       0
      Locals:         1       0       0       0       0       0       0       0       0
      Temps:          1       0       0       0       0       0       0       0       0
      Totals:         2       0       0       0       0       0       0       0       0
Total ram usage:        2 bytes
 Hardware stack levels used:    1
 This function calls:
		Nothing
 This function is called by:
		_tft_lcd_init
		_main
 This function uses a non-reentrant model


 *************** function _testText *****************
 Defined at:
		line 8 in file "main.c"
 Parameters:    Size  Location     Type
		None
 Auto vars:     Size  Location     Type
		None
 Return value:  Size  Location     Type
                  1    wreg      void 
 Registers used:
		wreg, status,2, status,0, tblptrl, tblptrh, tblptru, prodl, prodh, cstack
 Tracked objects:
		On entry : 
		On exit  : 
		Unchanged: 
 Data sizes:     COMRAM   BANK0   BANK1   BANK2   BANK3   BANK4   BANK5   BANK6   BANK7
      Params:         0       0       0       0       0       0       0       0       0
      Locals:         0       0       0       0       0       0       0       0       0
      Temps:          0       0       0       0       0       0       0       0       0
      Totals:         0       0       0       0       0       0       0       0       0
Total ram usage:        0 bytes
 Hardware stack levels used:    1
 Hardware stack levels required when called:    6
 This function calls:
		_tft_text_gotoXY
		_tft_text_print
		_tft_text_printf
		_tft_text_set_color
		_tft_text_set_size
 This function is called by:
		_main
 This function uses a non-reentrant model


 *************** function _tft_text_set_size *****************
 Defined at:
		line 72 in file "tft_lcd_text.c"
 Parameters:    Size  Location     Type
  textsize        1    wreg     unsigned char 
 Auto vars:     Size  Location     Type
  textsize        1    0[COMRAM] unsigned char 
 Return value:  Size  Location     Type
                  1    wreg      void 
 Registers used:
		wreg
 Tracked objects:
		On entry : 
		On exit  : 
		Unchanged: 
 Data sizes:     COMRAM   BANK0   BANK1   BANK2   BANK3   BANK4   BANK5   BANK6   BANK7
      Params:         0       0       0       0       0       0       0       0       0
      Locals:         1       0       0       0       0       0       0       0       0
      Temps:          0       0       0       0       0       0       0       0       0
      Totals:         1       0       0       0       0       0       0       0       0
Total ram usage:        1 bytes
 Hardware stack levels used:    1
 This function calls:
		Nothing
 This function is called by:
		_testText
 This function uses a non-reentrant model


 *************** function _tft_text_set_color *****************
 Defined at:
		line 76 in file "tft_lcd_text.c"
 Parameters:    Size  Location     Type
  textcolor       2    0[COMRAM] unsigned short 
 Auto vars:     Size  Location     Type
		None
 Return value:  Size  Location     Type
                  1    wreg      void 
 Registers used:
		None
 Tracked objects:
		On entry : 
		On exit  : 
		Unchanged: 
 Data sizes:     COMRAM   BANK0   BANK1   BANK2   BANK3   BANK4   BANK5   BANK6   BANK7
      Params:         2       0       0       0       0       0       0       0       0
      Locals:         0       0       0       0       0       0       0       0       0
      Temps:          0       0       0       0       0       0       0       0       0
      Totals:         2       0       0       0       0       0       0       0       0
Total ram usage:        2 bytes
 Hardware stack levels used:    1
 This function calls:
		Nothing
 This function is called by:
		_testText
 This function uses a non-reentrant model


 *************** function _tft_text_printf *****************
 Defined at:
		line 60 in file "tft_lcd_text.c"
 Parameters:    Size  Location     Type
  str             2   42[COMRAM] PTR unsigned char 
		 -> STR_1(14), 
 Auto vars:     Size  Location     Type
		None
 Return value:  Size  Location     Type
                  1    wreg      void 
 Registers used:
		wreg, status,2, status,0, tblptrl, tblptrh, tblptru, prodl, prodh, cstack
 Tracked objects:
		On entry : 
		On exit  : 
		Unchanged: 
 Data sizes:     COMRAM   BANK0   BANK1   BANK2   BANK3   BANK4   BANK5   BANK6   BANK7
      Params:         2       0       0       0       0       0       0       0       0
      Locals:         0       0       0       0       0       0       0       0       0
      Temps:          0       0       0       0       0       0       0       0       0
      Totals:         2       0       0       0       0       0       0       0       0
Total ram usage:        2 bytes
 Hardware stack levels used:    1
 Hardware stack levels required when called:    5
 This function calls:
		_tft_text_print
 This function is called by:
		_testText
 This function uses a non-reentrant model


 *************** function _tft_text_print *****************
 Defined at:
		line 9 in file "tft_lcd_text.c"
 Parameters:    Size  Location     Type
  c               1    wreg     unsigned char 
 Auto vars:     Size  Location     Type
  c               1   39[COMRAM] unsigned char 
  j               1   40[COMRAM] unsigned char 
  line            1   38[COMRAM] unsigned char 
  i               1   41[COMRAM] unsigned char 
 Return value:  Size  Location     Type
                  1    wreg      void 
 Registers used:
		wreg, status,2, status,0, tblptrl, tblptrh, tblptru, prodl, prodh, cstack
 Tracked objects:
		On entry : 
		On exit  : 
		Unchanged: 
 Data sizes:     COMRAM   BANK0   BANK1   BANK2   BANK3   BANK4   BANK5   BANK6   BANK7
      Params:         0       0       0       0       0       0       0       0       0
      Locals:         4       0       0       0       0       0       0       0       0
      Temps:          2       0       0       0       0       0       0       0       0
      Totals:         6       0       0       0       0       0       0       0       0
Total ram usage:        6 bytes
 Hardware stack levels used:    1
 Hardware stack levels required when called:    4
 This function calls:
		_tft_graph_drawHLine
		_tft_graph_draw_pixel
		_tft_graph_fill_rect
 This function is called by:
		_tft_text_printf
		_testText
 This function uses a non-reentrant model


 *************** function _tft_graph_fill_rect *****************
 Defined at:
		line 13 in file "tft_lcd_draw.c"
 Parameters:    Size  Location     Type
  x               2   18[COMRAM] unsigned short 
  y               2   20[COMRAM] unsigned short 
  w               2   22[COMRAM] unsigned short 
  h               2   24[COMRAM] unsigned short 
  color           2   26[COMRAM] unsigned short 
 Auto vars:     Size  Location     Type
  px              4   32[COMRAM] unsigned long 
 Return value:  Size  Location     Type
                  1    wreg      void 
 Registers used:
		wreg, status,2, status,0, cstack
 Tracked objects:
		On entry : 
		On exit  : 
		Unchanged: 
 Data sizes:     COMRAM   BANK0   BANK1   BANK2   BANK3   BANK4   BANK5   BANK6   BANK7
      Params:        10       0       0       0       0       0       0       0       0
      Locals:         4       0       0       0       0       0       0       0       0
      Temps:          4       0       0       0       0       0       0       0       0
      Totals:        18       0       0       0       0       0       0       0       0
Total ram usage:       18 bytes
 Hardware stack levels used:    1
 Hardware stack levels required when called:    3
 This function calls:
		___lmul
		_spi_write
		_tft_set_addr_window
 This function is called by:
		_tft_text_print
		_tft_graph_fill_screen
		_tft_graph_draw_line
 This function uses a non-reentrant model


 *************** function ___lmul *****************
 Defined at:
		line 15 in file "C:\Program Files (x86)\Microchip\xc8\v1.45\sources\common\Umul32.c"
 Parameters:    Size  Location     Type
  multiplier      4    0[COMRAM] unsigned long 
  multiplicand    4    4[COMRAM] unsigned long 
 Auto vars:     Size  Location     Type
  product         4    8[COMRAM] unsigned long 
 Return value:  Size  Location     Type
                  4    0[COMRAM] unsigned long 
 Registers used:
		wreg, status,2, status,0
 Tracked objects:
		On entry : 
		On exit  : 
		Unchanged: 
 Data sizes:     COMRAM   BANK0   BANK1   BANK2   BANK3   BANK4   BANK5   BANK6   BANK7
      Params:         8       0       0       0       0       0       0       0       0
      Locals:         4       0       0       0       0       0       0       0       0
      Temps:          0       0       0       0       0       0       0       0       0
      Totals:        12       0       0       0       0       0       0       0       0
Total ram usage:       12 bytes
 Hardware stack levels used:    1
 This function calls:
		Nothing
 This function is called by:
		_tft_graph_fill_rect
 This function uses a non-reentrant model


 *************** function _tft_graph_draw_pixel *****************
 Defined at:
		line 3 in file "tft_lcd_draw.c"
 Parameters:    Size  Location     Type
  x               2   18[COMRAM] unsigned short 
  y               2   20[COMRAM] unsigned short 
  color           2   22[COMRAM] unsigned short 
 Auto vars:     Size  Location     Type
		None
 Return value:  Size  Location     Type
                  1    wreg      void 
 Registers used:
		wreg, status,2, status,0, cstack
 Tracked objects:
		On entry : 
		On exit  : 
		Unchanged: 
 Data sizes:     COMRAM   BANK0   BANK1   BANK2   BANK3   BANK4   BANK5   BANK6   BANK7
      Params:         6       0       0       0       0       0       0       0       0
      Locals:         0       0       0       0       0       0       0       0       0
      Temps:          0       0       0       0       0       0       0       0       0
      Totals:         6       0       0       0       0       0       0       0       0
Total ram usage:        6 bytes
 Hardware stack levels used:    1
 Hardware stack levels required when called:    3
 This function calls:
		_spi_write
		_tft_set_addr_window
 This function is called by:
		_tft_text_print
		_writeLine
		_tft_graph_draw_circle
		_tft_graph_draw_circle_helper
		_testGraph
 This function uses a non-reentrant model


 *************** function _tft_graph_drawHLine *****************
 Defined at:
		line 48 in file "tft_lcd_graphic.c"
 Parameters:    Size  Location     Type
  x               2   18[COMRAM] unsigned short 
  y               2   20[COMRAM] unsigned short 
  w               2   22[COMRAM] unsigned short 
  color           2   24[COMRAM] unsigned short 
 Auto vars:     Size  Location     Type
		None
 Return value:  Size  Location     Type
                  1    wreg      void 
 Registers used:
		wreg, status,2, status,0, cstack
 Tracked objects:
		On entry : 
		On exit  : 
		Unchanged: 
 Data sizes:     COMRAM   BANK0   BANK1   BANK2   BANK3   BANK4   BANK5   BANK6   BANK7
      Params:         8       0       0       0       0       0       0       0       0
      Locals:         0       0       0       0       0       0       0       0       0
      Temps:          4       0       0       0       0       0       0       0       0
      Totals:        12       0       0       0       0       0       0       0       0
Total ram usage:       12 bytes
 Hardware stack levels used:    1
 Hardware stack levels required when called:    3
 This function calls:
		_spi_write
		_tft_set_addr_window
 This function is called by:
		_tft_text_print
 This function uses a non-reentrant model


 *************** function _tft_set_addr_window *****************
 Defined at:
		line 3 in file "tft_lcd_set_addr_window.c"
 Parameters:    Size  Location     Type
  x1              2    4[COMRAM] unsigned short 
  y1              2    6[COMRAM] unsigned short 
  w               2    8[COMRAM] unsigned short 
  h               2   10[COMRAM] unsigned short 
 Auto vars:     Size  Location     Type
  y2              2   16[COMRAM] unsigned short 
  x2              2   14[COMRAM] unsigned short 
 Return value:  Size  Location     Type
                  1    wreg      void 
 Registers used:
		wreg, status,2, status,0, cstack
 Tracked objects:
		On entry : 
		On exit  : 
		Unchanged: 
 Data sizes:     COMRAM   BANK0   BANK1   BANK2   BANK3   BANK4   BANK5   BANK6   BANK7
      Params:         8       0       0       0       0       0       0       0       0
      Locals:         4       0       0       0       0       0       0       0       0
      Temps:          2       0       0       0       0       0       0       0       0
      Totals:        14       0       0       0       0       0       0       0       0
Total ram usage:       14 bytes
 Hardware stack levels used:    1
 Hardware stack levels required when called:    2
 This function calls:
		_spi_write
		_tft_lcd_send
 This function is called by:
		_tft_graph_draw_pixel
		_tft_graph_fill_rect
		_tft_graph_drawHLine
		_tft_graph_drawVLine
 This function uses a non-reentrant model


 *************** function _tft_lcd_send *****************
 Defined at:
		line 3 in file "tft_lcd_init.c"
 Parameters:    Size  Location     Type
  dc              1    wreg     unsigned char 
  value           1    2[COMRAM] unsigned char 
 Auto vars:     Size  Location     Type
  dc              1    3[COMRAM] unsigned char 
 Return value:  Size  Location     Type
                  1    wreg      void 
 Registers used:
		wreg, status,2, cstack
 Tracked objects:
		On entry : 
		On exit  : 
		Unchanged: 
 Data sizes:     COMRAM   BANK0   BANK1   BANK2   BANK3   BANK4   BANK5   BANK6   BANK7
      Params:         1       0       0       0       0       0       0       0       0
      Locals:         1       0       0       0       0       0       0       0       0
      Temps:          0       0       0       0       0       0       0       0       0
      Totals:         2       0       0       0       0       0       0       0       0
Total ram usage:        2 bytes
 Hardware stack levels used:    1
 Hardware stack levels required when called:    1
 This function calls:
		_spi_write
 This function is called by:
		_tft_lcd_init
		_tft_set_addr_window
		_tft_graph_invert_color
		_tft_scroll_to
 This function uses a non-reentrant model


 *************** function _spi_write *****************
 Defined at:
		line 3 in file "../../../../spi/src/hard/spi_write.c"
 Parameters:    Size  Location     Type
  data            1    wreg     unsigned char 
 Auto vars:     Size  Location     Type
  data            1    1[COMRAM] unsigned char 
  data_flush      1    0[COMRAM] unsigned char 
 Return value:  Size  Location     Type
                  1    wreg      void 
 Registers used:
		wreg
 Tracked objects:
		On entry : 
		On exit  : 
		Unchanged: 
 Data sizes:     COMRAM   BANK0   BANK1   BANK2   BANK3   BANK4   BANK5   BANK6   BANK7
      Params:         0       0       0       0       0       0       0       0       0
      Locals:         2       0       0       0       0       0       0       0       0
      Temps:          0       0       0       0       0       0       0       0       0
      Totals:         2       0       0       0       0       0       0       0       0
Total ram usage:        2 bytes
 Hardware stack levels used:    1
 This function calls:
		Nothing
 This function is called by:
		_tft_lcd_send
		_tft_lcd_init
		_tft_graph_draw_pixel
		_tft_graph_fill_rect
		_tft_set_addr_window
		_tft_graph_drawHLine
		_EepromEx_25LCxxx_Read
		_EepromEx_25LCxxx_WIP
		_EepromEx_25LCxxx_WriteByte
		_EepromEx_25LCxxx_WritePage
		_tft_scroll_to
		_tft_graph_drawVLine
 This function uses a non-reentrant model


 *************** function _tft_text_gotoXY *****************
 Defined at:
		line 67 in file "tft_lcd_text.c"
 Parameters:    Size  Location     Type
  x               2    0[COMRAM] unsigned short 
  y               2    2[COMRAM] unsigned short 
 Auto vars:     Size  Location     Type
		None
 Return value:  Size  Location     Type
                  1    wreg      void 
 Registers used:
		None
 Tracked objects:
		On entry : 
		On exit  : 
		Unchanged: 
 Data sizes:     COMRAM   BANK0   BANK1   BANK2   BANK3   BANK4   BANK5   BANK6   BANK7
      Params:         4       0       0       0       0       0       0       0       0
      Locals:         0       0       0       0       0       0       0       0       0
      Temps:          0       0       0       0       0       0       0       0       0
      Totals:         4       0       0       0       0       0       0       0       0
Total ram usage:        4 bytes
 Hardware stack levels used:    1
 This function calls:
		Nothing
 This function is called by:
		_testText
 This function uses a non-reentrant model



MODULE INFORMATION

Module		Function		Class		Link	Load	Size
../../../../spi/src/hard/spi_init.c
		_spi_init      		CODE           	7474	0000	107

../../../../spi/src/hard/spi_init.c estimated size: 107

tft_lcd_draw.c
		_tft_graph_fill_rect		CODE           	7756	0000	305
		_tft_graph_draw_pixel		CODE           	73CE	0000	81

tft_lcd_draw.c estimated size: 386

tft_lcd_init.c
		_tft_lcd_send  		CODE           	7300	0000	27
		_tft_lcd_init  		CODE           	767E	0000	217

tft_lcd_init.c estimated size: 244

C:\Program Files (x86)\Microchip\xc8\v1.45\sources\pic18\d1ktcyx.c
		_Delay1KTCYx   		CODE           	72A6	0000	17

C:\Program Files (x86)\Microchip\xc8\v1.45\sources\pic18\d1ktcyx.c estimated size: 17

C:\Program Files (x86)\Microchip\xc8\v1.45\sources\common\Umul32.c
		___lmul        		CODE           	741E	0000	87

C:\Program Files (x86)\Microchip\xc8\v1.45\sources\common\Umul32.c estimated size: 87

tft_lcd_text.c
		_tft_text_print		CODE           	7886	0000	619
		_tft_text_set_size		CODE           	7294	0000	9
		_tft_text_gotoXY		CODE           	72C6	0000	19
		_tft_text_printf		CODE           	731A	0000	43
		_tft_text_set_color		CODE           	729C	0000	11

tft_lcd_text.c estimated size: 701

shared
		__initialization		CODE           	7344	0000	59
		_mfont         		MEDIUMCONST    	7AF1	0000	1281

shared estimated size: 1340

tft_lcd_graphic.c
		_tft_graph_drawHLine		CODE           	75D0	0000	175

tft_lcd_graphic.c estimated size: 175

main.c
		_testText      		CODE           	7388	0000	71
		_main          		CODE           	72B6	0000	17

main.c estimated size: 88

C:\Program Files (x86)\Microchip\xc8\v1.45\sources\pic18\d10ktcyx.c
		_Delay10KTCYx  		CODE           	72EA	0000	23

C:\Program Files (x86)\Microchip\xc8\v1.45\sources\pic18\d10ktcyx.c estimated size: 23

../../../../spi/src/hard/spi_write.c
		_spi_write     		CODE           	72D8	0000	19

../../../../spi/src/hard/spi_write.c estimated size: 19

tft_lcd_set_addr_window.c
		_tft_set_addr_window		CODE           	7548	0000	137

tft_lcd_set_addr_window.c estimated size: 137

