Microchip MPLAB XC8 Compiler V1.45 ()

Linker command line:

-W-3 --edf=C:\Program Files (x86)\Microchip\xc8\v1.45\dat\en_msgs.txt -cs \
  -h+dist/default/production\uart_test.X.production.sym \
  --cmf=dist/default/production\uart_test.X.production.cmf -z -Q18F4550 \
  -oC:\Users\ASUS\AppData\Local\Temp\s540.2 \
  -Mdist/default/production/uart_test.X.production.map -E1 -ver=XC8 \
  -ASTACK=0CFh-07ffh -pstack=STACK -ACODE=00h-07FFFh -ACONST=00h-07FFFh \
  -ASMALLCONST=0800h-08FFhx120 -AMEDIUMCONST=0800h-07FFFh -ACOMRAM=01h-05Fh \
  -AABS1=00h-07FFh -ABIGRAM=01h-07FFh -ARAM=060h-0FFh,0100h-01FFhx7 \
  -ABANK0=060h-0FFh -ABANK1=0100h-01FFh -ABANK2=0200h-02FFh \
  -ABANK3=0300h-03FFh -ABANK4=0400h-04FFh -ABANK5=0500h-05FFh \
  -ABANK6=0600h-06FFh -ABANK7=0700h-07FFh -ASFR=0F60h-0FFFh \
  -preset_vec=00h,intcode=08h,intcodelo=018h,powerup,init -pramtop=0800h \
  -psmallconst=SMALLCONST -pmediumconst=MEDIUMCONST -pconst=CONST \
  -AFARRAM=00h-00h -ACONFIG=0300000h-030000Dh -pconfig=CONFIG \
  -AIDLOC=0200000h-0200007h -pidloc=IDLOC -AEEDATA=0F00000h-0F000FFh \
  -peeprom_data=EEDATA \
  -prdata=COMRAM,nvrram=COMRAM,nvbit=COMRAM,rbss=COMRAM,rbit=COMRAM \
  -pfarbss=FARRAM,fardata=FARRAM,nvFARRAM=FARRAM \
  -pintsave_regs=BIGRAM,bigbss=BIGRAM,bigdata=BIGRAM -pbss=RAM \
  -pidata=CODE,irdata=CODE,ibigdata=CODE,ifardata=CODE -prparam=COMRAM \
  C:\Users\ASUS\AppData\Local\Temp\s540.obj \
  dist/default/production\uart_test.X.production.obj 

Object code version is 3.11

Machine type is 18F4550

Call graph: (short form)




                Name                               Link     Load   Length Selector   Space Scale
C:\Users\ASUS\AppData\Local\Temp\s540.obj
                init                                 CA       CA        4        C       0
                reset_vec                             0        0        4        0       0
                idloc                            200000   200000        8   200000       0
                config                           300000   300000        E   300000       0
dist/default/production\uart_test.X.production.obj
                intcodelo                            18       18       B2        C       0
                intcode                               8        8        6        4       0
                temp                                 46       46        1        1       1
                smallconst                          800      800        A      400       0
                text15                              B42      B42       26      405       0
                text14                              B9A      B9A       16      405       0
                intcode_body                        80A      80A       9A      405       0
                text12                              A3C      A3C       42      405       0
                text10                              B68      B68       1A      405       0
                text9                               BB0      BB0       10      405       0
                text8                               B82      B82       18      405       0
                text7                               992      992       58      405       0
                text6                               A7E      A7E       3C      405       0
                text5                               AEE      AEE       2C      405       0
                text4                               ABA      ABA       34      405       0
                text3                               8A4      8A4       84      405       0
                text2                               BC0      BC0        C      405       0
                text1                               928      928       6A      405       0
                text0                               9EA      9EA       52      405       0
                cstackCOMRAM                         2B       2B       1A        1       1
                cstackBANK0                          A6       A6       29       60       1
                bssBANK0                             60       60       46       60       1
                bssCOMRAM                             1        1       2A        1       1
                bitbssCOMRAM                        228       45        5        1       1     8
                cinit                               B1A      B1A       28      405       0

TOTAL           Name                               Link     Load   Length     Space
        CLASS   STACK          

        CLASS   CODE           
                intcodelo                            18       18       B2         0
                intcode                               8        8        6         0
                init                                 CA       CA        4         0
                reset_vec                             0        0        4         0
                text15                              B42      B42       26         0
                text14                              B9A      B9A       16         0
                intcode_body                        80A      80A       9A         0
                text12                              A3C      A3C       42         0
                text10                              B68      B68       1A         0
                text9                               BB0      BB0       10         0
                text8                               B82      B82       18         0
                text7                               992      992       58         0
                text6                               A7E      A7E       3C         0
                text5                               AEE      AEE       2C         0
                text4                               ABA      ABA       34         0
                text3                               8A4      8A4       84         0
                text2                               BC0      BC0        C         0
                text1                               928      928       6A         0
                text0                               9EA      9EA       52         0
                cinit                               B1A      B1A       28         0

        CLASS   CONST          

        CLASS   SMALLCONST     
                smallconst                          800      800        A         0

        CLASS   MEDIUMCONST    

        CLASS   COMRAM         
                temp                                 46       46        1         1
                cstackCOMRAM                         2B       2B       1A         1
                bssCOMRAM                             1        1       2A         1
                bitbssCOMRAM                        228       45        5         1

        CLASS   ABS1           

        CLASS   BIGRAM         

        CLASS   RAM            

        CLASS   BANK0          
                cstackBANK0                          A6       A6       29         1
                bssBANK0                             60       60       46         1

        CLASS   BANK1          

        CLASS   BANK2          

        CLASS   BANK3          

        CLASS   BANK4          

        CLASS   BANK5          

        CLASS   BANK6          

        CLASS   BANK7          

        CLASS   SFR            

        CLASS   FARRAM         

        CLASS   CONFIG         
                config                           300000   300000        E         0

        CLASS   IDLOC          
                idloc                            200000   200000        8         0

        CLASS   EEDATA         



SEGMENTS        Name                           Load    Length   Top    Selector   Space  Class

                reset_vec                      000000  000004  000004         0       0  CODE    
                bssCOMRAM                      000001  000046  000047         1       1  COMRAM  
                intcode                        000008  000006  00000E         4       0  CODE    
                intcodelo                      000018  0000B6  0000CE         C       0  CODE    
                bssBANK0                       000060  00006F  0000CF        60       1  BANK0   
                smallconst                     000800  00000A  00080A       400       0  SMALLCON
                intcode_body                   00080A  0003C2  000BCC       405       0  CODE    
                idloc                          200000  000008  200008    200000       0  IDLOC   
                config                         300000  00000E  30000E    300000       0  CONFIG  


UNUSED ADDRESS RANGES

        Name                Unused          Largest block    Delta
        BANK0            0000CF-0000FF               31
        BANK1            000100-0001FF              100
        BANK2            000200-0002FF              100
        BANK3            000300-0003FF              100
        BANK4            000400-0004FF              100
        BANK5            000500-0005FF              100
        BANK6            000600-0006FF              100
        BANK7            000700-0007FF              100
        BIGRAM           000047-00005F               19
                         0000CF-0007FF              731
        CODE             000004-000007                4
                         00000E-000017                A
                         0000CE-0007FF              732
                         000BCC-007FFF             7434
        COMRAM           000047-00005F               19
        CONST            000004-000007                4
                         00000E-000017                A
                         0000CE-0007FF              732
                         000BCC-007FFF             7434
        EEDATA           F00000-F000FF              100
        MEDIUMCONST      000BCC-007FFF             7434
        RAM              0000CF-0007FF              100
        SFR              000F60-000FFF               A0
        SMALLCONST       000BCC-007FFF              100
        STACK            0000CF-0007FF              731

                                  Symbol Table

?___lldiv                    cstackBANK0  0000BB
Delay10KTCYx@unit            cstackBANK0  0000BB
Delay1KTCYx@unit             cstackCOMRAM 000044
_ADCON1                      (abs)        000FC1
_BAUDCONbits                 (abs)        000FB8
_Delay10KTCYx                text10       000B68
_Delay1KTCYx                 text9        000BB0
_Error_code_G                bssCOMRAM    000029
_INTCON2bits                 (abs)        000FF1
_INTCONbits                  (abs)        000FF2
_IPR1bits                    (abs)        000F9F
_LATAbits                    (abs)        000F89
_LATD                        (abs)        000F8C
_LATEbits                    (abs)        000F8D
_OSCCONbits                  (abs)        000FD3
_PIE1bits                    (abs)        000F9D
_PIR1bits                    (abs)        000F9E
_PORTBbits                   (abs)        000F81
_RCONbits                    (abs)        000FD0
_RCREG                       (abs)        000FAE
_RCSTA                       (abs)        000FAB
_RCSTAbits                   (abs)        000FAB
_SCH_tasks_G                 bssBANK0     000083
_SPBRG                       (abs)        000FAF
_T0CON                       (abs)        000FD5
_T0CONbits                   (abs)        000FD5
_TICK                        bitbssCOMRAM 00022C
_TMR0H                       (abs)        000FD7
_TMR0L                       (abs)        000FD6
_TRISAbits                   (abs)        000F92
_TRISBbits                   (abs)        000F93
_TRISCbits                   (abs)        000F94
_TRISD                       (abs)        000F95
_TRISEbits                   (abs)        000F96
_TXREG                       (abs)        000FAD
_TXSTA                       (abs)        000FAC
_TXSTAbits                   (abs)        000FAC
__CFG_BOR$OFF                (abs)        000000
__CFG_CPUDIV$OSC2_PLL3       (abs)        000000
__CFG_FOSC$HSPLL_HS          (abs)        000000
__CFG_MCLRE$ON               (abs)        000000
__CFG_PLLDIV$2               (abs)        000000
__CFG_WDT$OFF                (abs)        000000
__HRAM                       (abs)        000000
__Habs1                      abs1         000000
__Hbank0                     bank0        000000
__Hbank1                     bank1        000000
__Hbank2                     bank2        000000
__Hbank3                     bank3        000000
__Hbank4                     bank4        000000
__Hbank5                     bank5        000000
__Hbank6                     bank6        000000
__Hbank7                     bank7        000000
__Hbigbss                    bigbss       000000
__Hbigdata                   bigdata      000000
__Hbigram                    bigram       000000
__HbitbssCOMRAM              bitbssCOMRAM 000000
__Hbss                       bss          000000
__HbssBANK0                  bssBANK0     000000
__HbssCOMRAM                 bssCOMRAM    000000
__Hcinit                     cinit        000000
__Hclrtext                   clrtext      000000
__Hcomram                    comram       000000
__Hconfig                    config       30000E
__Hconst                     const        000000
__HcstackBANK0               cstackBANK0  000000
__HcstackCOMRAM              cstackCOMRAM 000000
__Hdata                      data         000000
__Heeprom_data               eeprom_data  000000
__Hfarbss                    farbss       000000
__Hfardata                   fardata      000000
__Hibigdata                  ibigdata     000000
__Hidata                     idata        000000
__Hidloc                     idloc        200008
__Hifardata                  ifardata     000000
__Hinit                      init         0000CE
__Hintcode                   intcode      00000E
__Hintcode_body              intcode_body 000000
__Hintcodelo                 intcodelo    0000CA
__Hintentry                  intentry     000000
__Hintret                    intret       000000
__Hintsave_regs              intsave_regs 000000
__Hirdata                    irdata       000000
__Hmediumconst               mediumconst  000000
__HnvFARRAM                  nvFARRAM     000000
__Hnvbit                     nvbit        000000
__Hnvrram                    nvrram       000000
__Hparam                     rparam       000000
__Hpowerup                   powerup      0000CA
__Hram                       ram          000000
__Hramtop                    ramtop       000800
__Hrbit                      rbit         000000
__Hrbss                      rbss         000000
__Hrdata                     rdata        000000
__Hreset_vec                 reset_vec    000004
__Hrparam                    rparam       000000
__Hsfr                       sfr          000000
__Hsmallconst                smallconst   00080A
__Hspace_0                   (abs)        30000E
__Hspace_1                   (abs)        00022D
__Hspace_2                   (abs)        000000
__Hstack                     stack        000000
__Hstruct                    struct       000000
__Htemp                      temp         000047
__Htext                      text         000000
__Htext0                     text0        000000
__Htext1                     text1        000000
__Htext10                    text10       000000
__Htext12                    text12       000000
__Htext14                    text14       000000
__Htext15                    text15       000000
__Htext2                     text2        000000
__Htext3                     text3        000000
__Htext4                     text4        000000
__Htext5                     text5        000000
__Htext6                     text6        000000
__Htext7                     text7        000000
__Htext8                     text8        000000
__Htext9                     text9        000000
__LRAM                       (abs)        000001
__Labs1                      abs1         000000
__Lbank0                     bank0        000000
__Lbank1                     bank1        000000
__Lbank2                     bank2        000000
__Lbank3                     bank3        000000
__Lbank4                     bank4        000000
__Lbank5                     bank5        000000
__Lbank6                     bank6        000000
__Lbank7                     bank7        000000
__Lbigbss                    bigbss       000000
__Lbigdata                   bigdata      000000
__Lbigram                    bigram       000000
__LbitbssCOMRAM              bitbssCOMRAM 000000
__Lbss                       bss          000000
__LbssBANK0                  bssBANK0     000000
__LbssCOMRAM                 bssCOMRAM    000000
__Lcinit                     cinit        000000
__Lclrtext                   clrtext      000000
__Lcomram                    comram       000000
__Lconfig                    config       300000
__Lconst                     const        000000
__LcstackBANK0               cstackBANK0  000000
__LcstackCOMRAM              cstackCOMRAM 000000
__Ldata                      data         000000
__Leeprom_data               eeprom_data  000000
__Lfarbss                    farbss       000000
__Lfardata                   fardata      000000
__Libigdata                  ibigdata     000000
__Lidata                     idata        000000
__Lidloc                     idloc        200000
__Lifardata                  ifardata     000000
__Linit                      init         0000CA
__Lintcode                   intcode      000008
__Lintcode_body              intcode_body 000000
__Lintcodelo                 intcodelo    000018
__Lintentry                  intentry     000000
__Lintret                    intret       000000
__Lintsave_regs              intsave_regs 000000
__Lirdata                    irdata       000000
__Lmediumconst               mediumconst  000000
__LnvFARRAM                  nvFARRAM     000000
__Lnvbit                     nvbit        000000
__Lnvrram                    nvrram       000000
__Lparam                     rparam       000000
__Lpowerup                   powerup      0000CA
__Lram                       ram          000000
__Lramtop                    ramtop       000800
__Lrbit                      rbit         000000
__Lrbss                      rbss         000000
__Lrdata                     rdata        000000
__Lreset_vec                 reset_vec    000000
__Lrparam                    rparam       000000
__Lsfr                       sfr          000000
__Lsmallconst                smallconst   000800
__Lspace_0                   (abs)        000000
__Lspace_1                   (abs)        000000
__Lspace_2                   (abs)        000000
__Lstack                     stack        000000
__Lstruct                    struct       000000
__Ltemp                      temp         000046
__Ltext                      text         000000
__Ltext0                     text0        000000
__Ltext1                     text1        000000
__Ltext10                    text10       000000
__Ltext12                    text12       000000
__Ltext14                    text14       000000
__Ltext15                    text15       000000
__Ltext2                     text2        000000
__Ltext3                     text3        000000
__Ltext4                     text4        000000
__Ltext5                     text5        000000
__Ltext6                     text6        000000
__Ltext7                     text7        000000
__Ltext8                     text8        000000
__Ltext9                     text9        000000
__S0                         (abs)        30000E
__S1                         (abs)        0000CF
__S2                         (abs)        000000
___inthi_sp                  stack        000000
___intlo_sp                  stack        000000
___lldiv                     text3        0008A4
___lldiv@counter             cstackBANK0  0000C7
___lldiv@dividend            cstackBANK0  0000BB
___lldiv@divisor             cstackBANK0  0000BF
___lldiv@quotient            cstackBANK0  0000C3
___param_bank                (abs)        000000
___rparam_used               (abs)        000001
___sp                        stack        000000
__accesstop                  (abs)        000060
__activetblptr               (abs)        000002
__end_of_Delay10KTCYx        text10       000B82
__end_of_Delay1KTCYx         text9        000BC0
__end_of___lldiv             text3        000928
__end_of__initialization     cinit        000B34
__end_of_high_isr            intcode_body 0008A4
__end_of_isr_low             intcodelo    0000CA
__end_of_lcd_init            text7        0009EA
__end_of_lcd_sendChar        text6        000ABA
__end_of_lcd_sendCommand     text8        000B9A
__end_of_lcd_sendString      text5        000B1A
__end_of_main                text0        000A3C
__end_of_timer0_init         text4        000AEE
__end_of_timer0_isr_process  text14       000BB0
__end_of_timer0_reload       text15       000B68
__end_of_uart_init           text1        000992
__end_of_uart_isr_process    text12       000A7E
__end_of_uart_putc           text2        000BCC
__initialization             cinit        000B1A
__mediumconst                mediumconst  000000
__pbitbssCOMRAM              bitbssCOMRAM 000228
__pbssBANK0                  bssBANK0     000060
__pbssCOMRAM                 bssCOMRAM    000001
__pcinit                     cinit        000B1A
__pcstackBANK0               cstackBANK0  0000A6
__pcstackCOMRAM              cstackCOMRAM 00002B
__pintcode                   intcode      000008
__pintcode_body              intcode_body 00080A
__pintcodelo                 intcodelo    000018
__psmallconst                smallconst   000800
__ptext0                     text0        0009EA
__ptext1                     text1        000928
__ptext10                    text10       000B68
__ptext12                    text12       000A3C
__ptext14                    text14       000B9A
__ptext15                    text15       000B42
__ptext2                     text2        000BC0
__ptext3                     text3        0008A4
__ptext4                     text4        000ABA
__ptext5                     text5        000AEE
__ptext6                     text6        000A7E
__ptext7                     text7        000992
__ptext8                     text8        000B82
__ptext9                     text9        000BB0
__ramtop                     ramtop       000800
__size_of_Delay10KTCYx       (abs)        000000
__size_of_Delay1KTCYx        (abs)        000000
__size_of___lldiv            (abs)        000000
__size_of_high_isr           (abs)        000000
__size_of_isr_low            (abs)        000000
__size_of_lcd_init           (abs)        000000
__size_of_lcd_sendChar       (abs)        000000
__size_of_lcd_sendCommand    (abs)        000000
__size_of_lcd_sendString     (abs)        000000
__size_of_main               (abs)        000000
__size_of_timer0_init        (abs)        000000
__size_of_timer0_isr_process (abs)        000000
__size_of_timer0_reload      (abs)        000000
__size_of_uart_init          (abs)        000000
__size_of_uart_isr_process   (abs)        000000
__size_of_uart_putc          (abs)        000000
__smallconst                 smallconst   000800
_buffer_RX                   bssCOMRAM    000001
_high_isr                    intcode      000008
_index                       bssCOMRAM    00002A
_isr_low                     intcodelo    000018
_lcd_init                    text7        000992
_lcd_sendChar                text6        000A7E
_lcd_sendCommand             text8        000B82
_lcd_sendString              text5        000AEE
_main                        text0        0009EA
_scheduler_ct                bssCOMRAM    000028
_timer0_init                 text4        000ABA
_timer0_isr_process          text14       000B9A
_timer0_reload               text15       000B42
_uart_init                   text1        000928
_uart_isr_process            text12       000A3C
_uart_putc                   text2        000BC0
btemp                        temp         000046
end_of_initialization        cinit        000B34
int$flags                    temp         000046
int_func                     intcode_body 00080A
intlevel0                    text         000000
intlevel1                    text         000000
intlevel2                    text         000000
intlevel3                    text         000000
lcd_sendChar@data            cstackBANK0  0000BC
lcd_sendCommand@command      cstackBANK0  0000BB
lcd_sendString@str           cstackBANK0  0000BD
scheduler@a                  bitbssCOMRAM 000229
scheduler@b                  bitbssCOMRAM 000228
stackhi                      (abs)        0007FF
stacklo                      (abs)        0000CF
start                        init         0000CA
start_initialization         cinit        000B1A
timer0_init@count            cstackBANK0  0000BB
timer0_init@val              cstackBANK0  0000BF
timer0_reload@count          cstackCOMRAM 00002B
timer0_reload@val            cstackCOMRAM 00002F
uart_init@bdrate             cstackBANK0  0000C8
uart_init@flush              cstackBANK0  0000CC
uart_init@val                cstackBANK0  0000CD
uart_isr_process@lost        cstackCOMRAM 000043
uart_putc@payload            cstackCOMRAM 000044
wtemp6                       temp         000047


FUNCTION INFORMATION:

 *************** function _main *****************
 Defined at:
		line 15 in file "../../main.c"
 Parameters:    Size  Location     Type
		None
 Auto vars:     Size  Location     Type
  tmp1           10    0        unsigned char [10]
 Return value:  Size  Location     Type
                  1    wreg      void 
 Registers used:
		wreg, status,2, status,0, tblptrl, tblptrh, tblptru, cstack
 Tracked objects:
		On entry : 
		On exit  : 
		Unchanged: 
 Data sizes:     COMRAM   BANK0   BANK1   BANK2   BANK3   BANK4   BANK5   BANK6   BANK7
      Params:         0       0       0       0       0       0       0       0       0
      Locals:         0       0       0       0       0       0       0       0       0
      Temps:          0       0       0       0       0       0       0       0       0
      Totals:         0       0       0       0       0       0       0       0       0
Total ram usage:        0 bytes
 Hardware stack levels required when called:    9
 This function calls:
		_lcd_init
		_lcd_sendString
		_timer0_init
		_uart_init
		_uart_putc
 This function is called by:
		Startup code after reset
 This function uses a non-reentrant model


 *************** function _uart_init *****************
 Defined at:
		line 11 in file "../../../src/uart_init.c"
 Parameters:    Size  Location     Type
  bdrate          4   34[BANK0 ] unsigned long 
 Auto vars:     Size  Location     Type
  val             2   39[BANK0 ] unsigned short 
  flush           1   38[BANK0 ] unsigned char 
 Return value:  Size  Location     Type
                  1    wreg      void 
 Registers used:
		wreg, status,2, status,0, cstack
 Tracked objects:
		On entry : 
		On exit  : 
		Unchanged: 
 Data sizes:     COMRAM   BANK0   BANK1   BANK2   BANK3   BANK4   BANK5   BANK6   BANK7
      Params:         0       4       0       0       0       0       0       0       0
      Locals:         0       3       0       0       0       0       0       0       0
      Temps:          0       0       0       0       0       0       0       0       0
      Totals:         0       7       0       0       0       0       0       0       0
Total ram usage:        7 bytes
 Hardware stack levels used:    1
 Hardware stack levels required when called:    6
 This function calls:
		___lldiv
		_uart_putc
 This function is called by:
		_main
 This function uses a non-reentrant model


 *************** function _uart_putc *****************
 Defined at:
		line 9 in file "../../../src/uart_putc.c"
 Parameters:    Size  Location     Type
  payload         1    wreg     unsigned char 
 Auto vars:     Size  Location     Type
  payload         1   25[COMRAM] unsigned char 
 Return value:  Size  Location     Type
                  1    wreg      void 
 Registers used:
		wreg
 Tracked objects:
		On entry : 
		On exit  : 
		Unchanged: 
 Data sizes:     COMRAM   BANK0   BANK1   BANK2   BANK3   BANK4   BANK5   BANK6   BANK7
      Params:         0       0       0       0       0       0       0       0       0
      Locals:         1       0       0       0       0       0       0       0       0
      Temps:          0       0       0       0       0       0       0       0       0
      Totals:         1       0       0       0       0       0       0       0       0
Total ram usage:        1 bytes
 Hardware stack levels used:    1
 Hardware stack levels required when called:    5
 This function calls:
		Nothing
 This function is called by:
		_uart_init
		_main
		_uart_getc
		_uart_puts
		_scheduler
 This function uses a non-reentrant model


 *************** function ___lldiv *****************
 Defined at:
		line 8 in file "C:\Program Files (x86)\Microchip\xc8\v1.45\sources\common\lldiv.c"
 Parameters:    Size  Location     Type
  dividend        4   21[BANK0 ] unsigned long 
  divisor         4   25[BANK0 ] unsigned long 
 Auto vars:     Size  Location     Type
  quotient        4   29[BANK0 ] unsigned long 
  counter         1   33[BANK0 ] unsigned char 
 Return value:  Size  Location     Type
                  4   21[BANK0 ] unsigned long 
 Registers used:
		wreg, status,2, status,0
 Tracked objects:
		On entry : 
		On exit  : 
		Unchanged: 
 Data sizes:     COMRAM   BANK0   BANK1   BANK2   BANK3   BANK4   BANK5   BANK6   BANK7
      Params:         0       8       0       0       0       0       0       0       0
      Locals:         0       5       0       0       0       0       0       0       0
      Temps:          0       0       0       0       0       0       0       0       0
      Totals:         0      13       0       0       0       0       0       0       0
Total ram usage:       13 bytes
 Hardware stack levels used:    1
 Hardware stack levels required when called:    5
 This function calls:
		Nothing
 This function is called by:
		_uart_init
 This function uses a non-reentrant model


 *************** function _timer0_init *****************
 Defined at:
		line 9 in file "../../../../timer0/src/timer0_init.c"
 Parameters:    Size  Location     Type
  count           2   21[BANK0 ] unsigned short 
 Auto vars:     Size  Location     Type
  val             2   25[BANK0 ] unsigned short 
 Return value:  Size  Location     Type
                  1    wreg      void 
 Registers used:
		wreg, status,2, status,0
 Tracked objects:
		On entry : 
		On exit  : 
		Unchanged: 
 Data sizes:     COMRAM   BANK0   BANK1   BANK2   BANK3   BANK4   BANK5   BANK6   BANK7
      Params:         0       2       0       0       0       0       0       0       0
      Locals:         0       2       0       0       0       0       0       0       0
      Temps:          0       2       0       0       0       0       0       0       0
      Totals:         0       6       0       0       0       0       0       0       0
Total ram usage:        6 bytes
 Hardware stack levels used:    1
 Hardware stack levels required when called:    5
 This function calls:
		Nothing
 This function is called by:
		_main
 This function uses a non-reentrant model


 *************** function _lcd_sendString *****************
 Defined at:
		line 3 in file "../../../../mlcd/src/lcd_sendString.c"
 Parameters:    Size  Location     Type
  str             2   23[BANK0 ] PTR unsigned char 
		 -> STR_1(7), 
 Auto vars:     Size  Location     Type
		None
 Return value:  Size  Location     Type
                  1    wreg      void 
 Registers used:
		wreg, status,2, status,0, tblptrl, tblptrh, tblptru, cstack
 Tracked objects:
		On entry : 
		On exit  : 
		Unchanged: 
 Data sizes:     COMRAM   BANK0   BANK1   BANK2   BANK3   BANK4   BANK5   BANK6   BANK7
      Params:         0       2       0       0       0       0       0       0       0
      Locals:         0       0       0       0       0       0       0       0       0
      Temps:          0       0       0       0       0       0       0       0       0
      Totals:         0       2       0       0       0       0       0       0       0
Total ram usage:        2 bytes
 Hardware stack levels used:    1
 Hardware stack levels required when called:    8
 This function calls:
		_lcd_sendChar
 This function is called by:
		_main
		_lcd_sendStringXY
 This function uses a non-reentrant model


 *************** function _lcd_sendChar *****************
 Defined at:
		line 3 in file "../../../../mlcd/src/lcd_sendChar.c"
 Parameters:    Size  Location     Type
  data            1    wreg     unsigned char 
 Auto vars:     Size  Location     Type
  data            1   22[BANK0 ] unsigned char 
 Return value:  Size  Location     Type
                  1    wreg      void 
 Registers used:
		wreg, status,2, status,0, cstack
 Tracked objects:
		On entry : 
		On exit  : 
		Unchanged: 
 Data sizes:     COMRAM   BANK0   BANK1   BANK2   BANK3   BANK4   BANK5   BANK6   BANK7
      Params:         0       0       0       0       0       0       0       0       0
      Locals:         0       1       0       0       0       0       0       0       0
      Temps:          0       0       0       0       0       0       0       0       0
      Totals:         0       1       0       0       0       0       0       0       0
Total ram usage:        1 bytes
 Hardware stack levels used:    1
 Hardware stack levels required when called:    7
 This function calls:
		_Delay1KTCYx
		_lcd_sendCommand
 This function is called by:
		_lcd_sendString
		_scheduler
 This function uses a non-reentrant model


 *************** function _lcd_init *****************
 Defined at:
		line 4 in file "../../../../mlcd/src/lcd_init.c"
 Parameters:    Size  Location     Type
		None
 Auto vars:     Size  Location     Type
		None
 Return value:  Size  Location     Type
                  1    wreg      void 
 Registers used:
		wreg, status,2, cstack
 Tracked objects:
		On entry : 
		On exit  : 
		Unchanged: 
 Data sizes:     COMRAM   BANK0   BANK1   BANK2   BANK3   BANK4   BANK5   BANK6   BANK7
      Params:         0       0       0       0       0       0       0       0       0
      Locals:         0       0       0       0       0       0       0       0       0
      Temps:          0       0       0       0       0       0       0       0       0
      Totals:         0       0       0       0       0       0       0       0       0
Total ram usage:        0 bytes
 Hardware stack levels used:    1
 Hardware stack levels required when called:    7
 This function calls:
		_Delay10KTCYx
		_Delay1KTCYx
		_lcd_sendCommand
 This function is called by:
		_main
 This function uses a non-reentrant model


 *************** function _lcd_sendCommand *****************
 Defined at:
		line 3 in file "../../../../mlcd/src/lcd_sendCommand.c"
 Parameters:    Size  Location     Type
  command         1    wreg     unsigned char 
 Auto vars:     Size  Location     Type
  command         1   21[BANK0 ] unsigned char 
 Return value:  Size  Location     Type
                  1    wreg      void 
 Registers used:
		wreg, cstack
 Tracked objects:
		On entry : 
		On exit  : 
		Unchanged: 
 Data sizes:     COMRAM   BANK0   BANK1   BANK2   BANK3   BANK4   BANK5   BANK6   BANK7
      Params:         0       0       0       0       0       0       0       0       0
      Locals:         0       1       0       0       0       0       0       0       0
      Temps:          0       0       0       0       0       0       0       0       0
      Totals:         0       1       0       0       0       0       0       0       0
Total ram usage:        1 bytes
 Hardware stack levels used:    1
 Hardware stack levels required when called:    6
 This function calls:
		_Delay1KTCYx
 This function is called by:
		_lcd_init
		_lcd_sendChar
		_scheduler
		_lcd_gotoXY
		_lcd_sendStringXY
 This function uses a non-reentrant model


 *************** function _Delay1KTCYx *****************
 Defined at:
		line 8 in file "C:\Program Files (x86)\Microchip\xc8\v1.45\sources\pic18\d1ktcyx.c"
 Parameters:    Size  Location     Type
  unit            1    wreg     unsigned char 
 Auto vars:     Size  Location     Type
  unit            1   25[COMRAM] unsigned char 
 Return value:  Size  Location     Type
                  1    wreg      void 
 Registers used:
		wreg
 Tracked objects:
		On entry : 
		On exit  : 
		Unchanged: 
 Data sizes:     COMRAM   BANK0   BANK1   BANK2   BANK3   BANK4   BANK5   BANK6   BANK7
      Params:         0       0       0       0       0       0       0       0       0
      Locals:         1       0       0       0       0       0       0       0       0
      Temps:          0       0       0       0       0       0       0       0       0
      Totals:         1       0       0       0       0       0       0       0       0
Total ram usage:        1 bytes
 Hardware stack levels used:    1
 Hardware stack levels required when called:    5
 This function calls:
		Nothing
 This function is called by:
		_lcd_init
		_lcd_sendChar
		_lcd_sendCommand
 This function uses a non-reentrant model


 *************** function _Delay10KTCYx *****************
 Defined at:
		line 8 in file "C:\Program Files (x86)\Microchip\xc8\v1.45\sources\pic18\d10ktcyx.c"
 Parameters:    Size  Location     Type
  unit            1    wreg     unsigned char 
 Auto vars:     Size  Location     Type
  unit            1   21[BANK0 ] unsigned char 
 Return value:  Size  Location     Type
                  1    wreg      void 
 Registers used:
		wreg
 Tracked objects:
		On entry : 
		On exit  : 
		Unchanged: 
 Data sizes:     COMRAM   BANK0   BANK1   BANK2   BANK3   BANK4   BANK5   BANK6   BANK7
      Params:         0       0       0       0       0       0       0       0       0
      Locals:         0       1       0       0       0       0       0       0       0
      Temps:          1       0       0       0       0       0       0       0       0
      Totals:         1       1       0       0       0       0       0       0       0
Total ram usage:        2 bytes
 Hardware stack levels used:    1
 Hardware stack levels required when called:    5
 This function calls:
		Nothing
 This function is called by:
		_lcd_init
 This function uses a non-reentrant model


 *************** function _isr_low *****************
 Defined at:
		line 76 in file "../../main.c"
 Parameters:    Size  Location     Type
		None
 Auto vars:     Size  Location     Type
		None
 Return value:  Size  Location     Type
                  1    wreg      void 
 Registers used:
		wreg, fsr2l, fsr2h, status,2, status,0, prodl, prodh, cstack
 Tracked objects:
		On entry : 
		On exit  : 
		Unchanged: 
 Data sizes:     COMRAM   BANK0   BANK1   BANK2   BANK3   BANK4   BANK5   BANK6   BANK7
      Params:         0       0       0       0       0       0       0       0       0
      Locals:         0       0       0       0       0       0       0       0       0
      Temps:          0      21       0       0       0       0       0       0       0
      Totals:         0      21       0       0       0       0       0       0       0
Total ram usage:       21 bytes
 Hardware stack levels used:    1
 Hardware stack levels required when called:    4
 This function calls:
		_uart_isr_process
 This function is called by:
		Interrupt level 1
 This function uses a non-reentrant model


 *************** function _uart_isr_process *****************
 Defined at:
		line 9 in file "../../../src/uart_getc.c"
 Parameters:    Size  Location     Type
		None
 Auto vars:     Size  Location     Type
  lost            1   24[COMRAM] unsigned char 
 Return value:  Size  Location     Type
                  1    wreg      void 
 Registers used:
		wreg, fsr2l, fsr2h, status,2, status,0, prodl, prodh
 Tracked objects:
		On entry : 
		On exit  : 
		Unchanged: 
 Data sizes:     COMRAM   BANK0   BANK1   BANK2   BANK3   BANK4   BANK5   BANK6   BANK7
      Params:         0       0       0       0       0       0       0       0       0
      Locals:         1       0       0       0       0       0       0       0       0
      Temps:          0       0       0       0       0       0       0       0       0
      Totals:         1       0       0       0       0       0       0       0       0
Total ram usage:        1 bytes
 Hardware stack levels used:    1
 Hardware stack levels required when called:    3
 This function calls:
		Nothing
 This function is called by:
		_isr_low
 This function uses a non-reentrant model


 *************** function _high_isr *****************
 Defined at:
		line 71 in file "../../main.c"
 Parameters:    Size  Location     Type
		None
 Auto vars:     Size  Location     Type
		None
 Return value:  Size  Location     Type
                  1    wreg      void 
 Registers used:
		wreg, status,2, status,0, cstack
 Tracked objects:
		On entry : 
		On exit  : 
		Unchanged: 
 Data sizes:     COMRAM   BANK0   BANK1   BANK2   BANK3   BANK4   BANK5   BANK6   BANK7
      Params:         0       0       0       0       0       0       0       0       0
      Locals:         0       0       0       0       0       0       0       0       0
      Temps:         18       0       0       0       0       0       0       0       0
      Totals:        18       0       0       0       0       0       0       0       0
Total ram usage:       18 bytes
 Hardware stack levels used:    1
 Hardware stack levels required when called:    2
 This function calls:
		_timer0_isr_process
 This function is called by:
		Interrupt level 2
 This function uses a non-reentrant model


 *************** function _timer0_isr_process *****************
 Defined at:
		line 3 in file "../../../../timer0/src/timer0_isr_process.c"
 Parameters:    Size  Location     Type
		None
 Auto vars:     Size  Location     Type
		None
 Return value:  Size  Location     Type
                  1    wreg      void 
 Registers used:
		wreg, status,2, status,0, cstack
 Tracked objects:
		On entry : 
		On exit  : 
		Unchanged: 
 Data sizes:     COMRAM   BANK0   BANK1   BANK2   BANK3   BANK4   BANK5   BANK6   BANK7
      Params:         0       0       0       0       0       0       0       0       0
      Locals:         0       0       0       0       0       0       0       0       0
      Temps:          0       0       0       0       0       0       0       0       0
      Totals:         0       0       0       0       0       0       0       0       0
Total ram usage:        0 bytes
 Hardware stack levels used:    1
 Hardware stack levels required when called:    1
 This function calls:
		_timer0_reload
 This function is called by:
		_high_isr
 This function uses a non-reentrant model


 *************** function _timer0_reload *****************
 Defined at:
		line 9 in file "../../../../timer0/src/timer0_reload.c"
 Parameters:    Size  Location     Type
  count           2    0[COMRAM] unsigned short 
 Auto vars:     Size  Location     Type
  val             2    4[COMRAM] unsigned short 
 Return value:  Size  Location     Type
                  1    wreg      void 
 Registers used:
		wreg, status,2, status,0
 Tracked objects:
		On entry : 
		On exit  : 
		Unchanged: 
 Data sizes:     COMRAM   BANK0   BANK1   BANK2   BANK3   BANK4   BANK5   BANK6   BANK7
      Params:         2       0       0       0       0       0       0       0       0
      Locals:         2       0       0       0       0       0       0       0       0
      Temps:          2       0       0       0       0       0       0       0       0
      Totals:         6       0       0       0       0       0       0       0       0
Total ram usage:        6 bytes
 Hardware stack levels used:    1
 This function calls:
		Nothing
 This function is called by:
		_timer0_isr_process
 This function uses a non-reentrant model



MODULE INFORMATION

Module		Function		Class		Link	Load	Size
../../../../timer0/src/timer0_isr_process.c
		_timer0_isr_process		CODE           	0B9A	0000	23

../../../../timer0/src/timer0_isr_process.c estimated size: 23

../../../../mlcd/src/lcd_sendCommand.c
		_lcd_sendCommand		CODE           	0B82	0000	25

../../../../mlcd/src/lcd_sendCommand.c estimated size: 25

../../../src/uart_getc.c
		_uart_isr_process		CODE           	0A3C	0000	67

../../../src/uart_getc.c estimated size: 67

../../main.c
		_main          		CODE           	09EA	0000	83
		_isr_low       		CODE           	0018	0000	179
		_high_isr      		CODE           	0008	0000	161

../../main.c estimated size: 423

../../../../timer0/src/timer0_init.c
		_timer0_init   		CODE           	0ABA	0000	53

../../../../timer0/src/timer0_init.c estimated size: 53

../../../../mlcd/src/lcd_init.c
		_lcd_init      		CODE           	0992	0000	89

../../../../mlcd/src/lcd_init.c estimated size: 89

C:\Program Files (x86)\Microchip\xc8\v1.45\sources\pic18\d1ktcyx.c
		_Delay1KTCYx   		CODE           	0BB0	0000	17

C:\Program Files (x86)\Microchip\xc8\v1.45\sources\pic18\d1ktcyx.c estimated size: 17

../../../../mlcd/src/lcd_sendString.c
		_lcd_sendString		CODE           	0AEE	0000	45

../../../../mlcd/src/lcd_sendString.c estimated size: 45

shared
		__initialization		CODE           	0B1A	0000	27

shared estimated size: 27

../../../../mlcd/src/lcd_sendChar.c
		_lcd_sendChar  		CODE           	0A7E	0000	61

../../../../mlcd/src/lcd_sendChar.c estimated size: 61

C:\Program Files (x86)\Microchip\xc8\v1.45\sources\common\lldiv.c
		___lldiv       		CODE           	08A4	0000	133

C:\Program Files (x86)\Microchip\xc8\v1.45\sources\common\lldiv.c estimated size: 133

../../../src/uart_init.c
		_uart_init     		CODE           	0928	0000	107

../../../src/uart_init.c estimated size: 107

../../../../timer0/src/timer0_reload.c
		_timer0_reload 		CODE           	0B42	0000	39

../../../../timer0/src/timer0_reload.c estimated size: 39

C:\Program Files (x86)\Microchip\xc8\v1.45\sources\pic18\d10ktcyx.c
		_Delay10KTCYx  		CODE           	0B68	0000	27

C:\Program Files (x86)\Microchip\xc8\v1.45\sources\pic18\d10ktcyx.c estimated size: 27

../../../src/uart_putc.c
		_uart_putc     		CODE           	0BC0	0000	13

../../../src/uart_putc.c estimated size: 13

