Microchip MPLAB XC8 Compiler V1.45 ()

Linker command line:

-W-3 --edf=C:\Program Files (x86)\Microchip\xc8\v1.45\dat\en_msgs.txt -cs \
  -h+dist/default/production\Test_lcd.X.production.sym \
  --cmf=dist/default/production\Test_lcd.X.production.cmf -z -Q18F4550 \
  -oC:\Users\ASUS\AppData\Local\Temp\sdos.2 \
  -Mdist/default/production/Test_lcd.X.production.map -E1 -ver=XC8 \
  -ASTACK=060h-07ffh -pstack=STACK -ACODE=00h-07FFFh -ACONST=00h-07FFFh \
  -ASMALLCONST=0800h-08FFhx120 -AMEDIUMCONST=0800h-07FFFh -ACOMRAM=01h-05Fh \
  -AABS1=00h-07FFh -ABIGRAM=01h-07FFh -ARAM=060h-0FFh,0100h-01FFhx7 \
  -ABANK0=060h-0FFh -ABANK1=0100h-01FFh -ABANK2=0200h-02FFh \
  -ABANK3=0300h-03FFh -ABANK4=0400h-04FFh -ABANK5=0500h-05FFh \
  -ABANK6=0600h-06FFh -ABANK7=0700h-07FFh -ASFR=0F60h-0FFFh \
  -preset_vec=00h,intcode,intcodelo,powerup,init -pramtop=0800h \
  -psmallconst=SMALLCONST -pmediumconst=MEDIUMCONST -pconst=CONST \
  -AFARRAM=00h-00h -ACONFIG=0300000h-030000Dh -pconfig=CONFIG \
  -AIDLOC=0200000h-0200007h -pidloc=IDLOC -AEEDATA=0F00000h-0F000FFh \
  -peeprom_data=EEDATA \
  -prdata=COMRAM,nvrram=COMRAM,nvbit=COMRAM,rbss=COMRAM,rbit=COMRAM \
  -pfarbss=FARRAM,fardata=FARRAM,nvFARRAM=FARRAM \
  -pintsave_regs=BIGRAM,bigbss=BIGRAM,bigdata=BIGRAM -pbss=RAM \
  -pidata=CODE,irdata=CODE,ibigdata=CODE,ifardata=CODE -prparam=COMRAM \
  C:\Users\ASUS\AppData\Local\Temp\sdos.obj \
  dist/default/production\Test_lcd.X.production.obj 

Object code version is 3.11

Machine type is 18F4550

Call graph: (short form)




                Name                               Link     Load   Length Selector   Space Scale
C:\Users\ASUS\AppData\Local\Temp\sdos.obj
                init                                  0        0        4        0       0
                idloc                            200000   200000        8   200000       0
                config                           300000   300000        E   300000       0
dist/default/production\Test_lcd.X.production.obj
                text10                             7E04     7E04       16     3F02       0
                text9                              7DE4     7DE4       10     3EF2       0
                text8                              7DF4     7DF4       10     3EFA       0
                text7                              7E82     7E82       1E     3F41       0
                text6                              7E34     7E34       1A     3F1A       0
                text5                              7F3E     7F3E       5E     3F9F       0
                text4                              7ED2     7ED2       36     3F69       0
                text3                              7E4E     7E4E       1A     3F27       0
                text2                              7F08     7F08       36     3F84       0
                text1                              7E68     7E68       1A     3F34       0
                text0                              7F9C     7F9C       64     3FCE       0
                cstackCOMRAM                         40       40        C        1       1
                dataCOMRAM                           27       27       19        1       1
                bssCOMRAM                             1        1       26        1       1
                cinit                              7EA0     7EA0       32     3F50       0
                idataCOMRAM                        7E1B     7E1B       19     7E1B       0

TOTAL           Name                               Link     Load   Length     Space
        CLASS   STACK          

        CLASS   CODE           
                init                                  0        0        4         0
                text10                             7E04     7E04       16         0
                text9                              7DE4     7DE4       10         0
                text8                              7DF4     7DF4       10         0
                text7                              7E82     7E82       1E         0
                text6                              7E34     7E34       1A         0
                text5                              7F3E     7F3E       5E         0
                text4                              7ED2     7ED2       36         0
                text3                              7E4E     7E4E       1A         0
                text2                              7F08     7F08       36         0
                text1                              7E68     7E68       1A         0
                text0                              7F9C     7F9C       64         0
                cinit                              7EA0     7EA0       32         0
                idataCOMRAM                        7E1B     7E1B       19         0

        CLASS   CONST          

        CLASS   SMALLCONST     

        CLASS   MEDIUMCONST    

        CLASS   COMRAM         
                cstackCOMRAM                         40       40        C         1
                dataCOMRAM                           27       27       19         1
                bssCOMRAM                             1        1       26         1

        CLASS   ABS1           

        CLASS   BIGRAM         

        CLASS   RAM            

        CLASS   BANK0          

        CLASS   BANK1          

        CLASS   BANK2          

        CLASS   BANK3          

        CLASS   BANK4          

        CLASS   BANK5          

        CLASS   BANK6          

        CLASS   BANK7          

        CLASS   SFR            

        CLASS   FARRAM         

        CLASS   CONFIG         
                config                           300000   300000        E         0

        CLASS   IDLOC          
                idloc                            200000   200000        8         0

        CLASS   EEDATA         



SEGMENTS        Name                           Load    Length   Top    Selector   Space  Class

                reset_vec                      000000  000004  000004         0       0  CODE    
                bssCOMRAM                      000001  00004B  00004C         1       1  COMRAM  
                text9                          007DE4  000010  007DF4      3EF2       0  CODE    
                text8                          007DF4  000010  007E04      3EFA       0  CODE    
                text10                         007E04  000016  007E1A      3F02       0  CODE    
                idataCOMRAM                    007E1B  000019  007E34      7E1B       0  CODE    
                text6                          007E34  00001A  007E4E      3F1A       0  CODE    
                text3                          007E4E  00001A  007E68      3F27       0  CODE    
                text1                          007E68  00001A  007E82      3F34       0  CODE    
                text7                          007E82  00001E  007EA0      3F41       0  CODE    
                cinit                          007EA0  000032  007ED2      3F50       0  CODE    
                text4                          007ED2  000036  007F08      3F69       0  CODE    
                text2                          007F08  000036  007F3E      3F84       0  CODE    
                text5                          007F3E  00005E  007F9C      3F9F       0  CODE    
                text0                          007F9C  000064  008000      3FCE       0  CODE    
                idloc                          200000  000008  200008    200000       0  IDLOC   
                config                         300000  00000E  30000E    300000       0  CONFIG  


UNUSED ADDRESS RANGES

        Name                Unused          Largest block    Delta
        BANK0            000060-0000FF               A0
        BANK1            000100-0001FF              100
        BANK2            000200-0002FF              100
        BANK3            000300-0003FF              100
        BANK4            000400-0004FF              100
        BANK5            000500-0005FF              100
        BANK6            000600-0006FF              100
        BANK7            000700-0007FF              100
        BIGRAM           00004C-0007FF              7B4
        CODE             000004-007DE3             7DE0
                         007E1A-007E1A                1
        COMRAM           00004C-00005F               14
        CONST            000004-007DE3             7DE0
                         007E1A-007E1A                1
        EEDATA           F00000-F000FF              100
        MEDIUMCONST      000800-007DE3             75E4
                         007E1A-007E1A                1
        RAM              000060-0007FF              100
        SFR              000F60-000FFF               A0
        SMALLCONST       000800-007DE3              100
                         007E1A-007E1A                1
        STACK            000060-0007FF              7A0

                                  Symbol Table

Delay10KTCYx@unit               cstackCOMRAM 000041
Delay10TCYx@unit                cstackCOMRAM 000040
Delay1KTCYx@unit                cstackCOMRAM 000040
_Delay10KTCYx                   text10       007E04
_Delay10TCYx                    text8        007DF4
_Delay1KTCYx                    text9        007DE4
_LATD                           (abs)        000F8C
_LATEbits                       (abs)        000F8D
_TRISD                          (abs)        000F95
_TRISEbits                      (abs)        000F96
__CFG_BOR$OFF                   (abs)        000000
__CFG_CPUDIV$OSC2_PLL3          (abs)        000000
__CFG_FOSC$HSPLL_HS             (abs)        000000
__CFG_MCLRE$ON                  (abs)        000000
__CFG_PLLDIV$2                  (abs)        000000
__CFG_WDT$OFF                   (abs)        000000
__HRAM                          (abs)        000000
__Habs1                         abs1         000000
__Hbank0                        bank0        000000
__Hbank1                        bank1        000000
__Hbank2                        bank2        000000
__Hbank3                        bank3        000000
__Hbank4                        bank4        000000
__Hbank5                        bank5        000000
__Hbank6                        bank6        000000
__Hbank7                        bank7        000000
__Hbigbss                       bigbss       000000
__Hbigdata                      bigdata      000000
__Hbigram                       bigram       000000
__Hbss                          bss          000000
__HbssCOMRAM                    bssCOMRAM    000000
__Hcinit                        cinit        000000
__Hclrtext                      clrtext      000000
__Hcomram                       comram       000000
__Hconfig                       config       30000E
__Hconst                        const        000000
__HcstackCOMRAM                 cstackCOMRAM 000000
__Hdata                         data         000000
__HdataCOMRAM                   dataCOMRAM   000000
__Heeprom_data                  eeprom_data  000000
__Hfarbss                       farbss       000000
__Hfardata                      fardata      000000
__Hibigdata                     ibigdata     000000
__Hidata                        idata        000000
__HidataCOMRAM                  idataCOMRAM  000000
__Hidloc                        idloc        200008
__Hifardata                     ifardata     000000
__Hinit                         init         000004
__Hintcode                      intcode      000000
__Hintcode_body                 intcode_body 000000
__Hintcodelo                    intcodelo    000000
__Hintentry                     intentry     000000
__Hintret                       intret       000000
__Hintsave_regs                 intsave_regs 000000
__Hirdata                       irdata       000000
__Hmediumconst                  mediumconst  000000
__HnvFARRAM                     nvFARRAM     000000
__Hnvbit                        nvbit        000000
__Hnvrram                       nvrram       000000
__Hparam                        rparam       000000
__Hpowerup                      powerup      000000
__Hram                          ram          000000
__Hramtop                       ramtop       000800
__Hrbit                         rbit         000000
__Hrbss                         rbss         000000
__Hrdata                        rdata        000000
__Hreset_vec                    reset_vec    000000
__Hrparam                       rparam       000000
__Hsfr                          sfr          000000
__Hsmallconst                   smallconst   000000
__Hspace_0                      (abs)        30000E
__Hspace_1                      (abs)        00004C
__Hspace_2                      (abs)        000000
__Hstack                        stack        000000
__Hstruct                       struct       000000
__Htemp                         temp         000000
__Htext                         text         000000
__Htext0                        text0        000000
__Htext1                        text1        000000
__Htext10                       text10       000000
__Htext2                        text2        000000
__Htext3                        text3        000000
__Htext4                        text4        000000
__Htext5                        text5        000000
__Htext6                        text6        000000
__Htext7                        text7        000000
__Htext8                        text8        000000
__Htext9                        text9        000000
__LRAM                          (abs)        000001
__Labs1                         abs1         000000
__Lbank0                        bank0        000000
__Lbank1                        bank1        000000
__Lbank2                        bank2        000000
__Lbank3                        bank3        000000
__Lbank4                        bank4        000000
__Lbank5                        bank5        000000
__Lbank6                        bank6        000000
__Lbank7                        bank7        000000
__Lbigbss                       bigbss       000000
__Lbigdata                      bigdata      000000
__Lbigram                       bigram       000000
__Lbss                          bss          000000
__LbssCOMRAM                    bssCOMRAM    000000
__Lcinit                        cinit        000000
__Lclrtext                      clrtext      000000
__Lcomram                       comram       000000
__Lconfig                       config       300000
__Lconst                        const        000000
__LcstackCOMRAM                 cstackCOMRAM 000000
__Ldata                         data         000000
__LdataCOMRAM                   dataCOMRAM   000000
__Leeprom_data                  eeprom_data  000000
__Lfarbss                       farbss       000000
__Lfardata                      fardata      000000
__Libigdata                     ibigdata     000000
__Lidata                        idata        000000
__LidataCOMRAM                  idataCOMRAM  000000
__Lidloc                        idloc        200000
__Lifardata                     ifardata     000000
__Linit                         init         000000
__Lintcode                      intcode      000000
__Lintcode_body                 intcode_body 000000
__Lintcodelo                    intcodelo    000000
__Lintentry                     intentry     000000
__Lintret                       intret       000000
__Lintsave_regs                 intsave_regs 000000
__Lirdata                       irdata       000000
__Lmediumconst                  mediumconst  000000
__LnvFARRAM                     nvFARRAM     000000
__Lnvbit                        nvbit        000000
__Lnvrram                       nvrram       000000
__Lparam                        rparam       000000
__Lpowerup                      powerup      000000
__Lram                          ram          000000
__Lramtop                       ramtop       000800
__Lrbit                         rbit         000000
__Lrbss                         rbss         000000
__Lrdata                        rdata        000000
__Lreset_vec                    reset_vec    000000
__Lrparam                       rparam       000000
__Lsfr                          sfr          000000
__Lsmallconst                   smallconst   000000
__Lspace_0                      (abs)        000000
__Lspace_1                      (abs)        000000
__Lspace_2                      (abs)        000000
__Lstack                        stack        000000
__Lstruct                       struct       000000
__Ltemp                         temp         000000
__Ltext                         text         000000
__Ltext0                        text0        000000
__Ltext1                        text1        000000
__Ltext10                       text10       000000
__Ltext2                        text2        000000
__Ltext3                        text3        000000
__Ltext4                        text4        000000
__Ltext5                        text5        000000
__Ltext6                        text6        000000
__Ltext7                        text7        000000
__Ltext8                        text8        000000
__Ltext9                        text9        000000
__S0                            (abs)        30000E
__S1                            (abs)        00004C
__S2                            (abs)        000000
___inthi_sp                     stack        000000
___intlo_sp                     stack        000000
___param_bank                   (abs)        000000
___rparam_used                  (abs)        000001
___sp                           stack        000000
__accesstop                     (abs)        000060
__activetblptr                  (abs)        000000
__end_of_Delay10KTCYx           text10       007E1A
__end_of_Delay10TCYx            text8        007E04
__end_of_Delay1KTCYx            text9        007DF4
__end_of__initialization        cinit        007ECC
__end_of_lcd_char               text3        007E68
__end_of_lcd_command            text6        007E4E
__end_of_lcd_cursor             text4        007F08
__end_of_lcd_gpio_driver        text7        007EA0
__end_of_lcd_init               text5        007F9C
__end_of_lcd_string             text2        007F3E
__end_of_lcd_string_cursor      text1        007E82
__end_of_main                   text0        008000
__initialization                cinit        007EA0
__mediumconst                   mediumconst  000000
__pbssCOMRAM                    bssCOMRAM    000001
__pcinit                        cinit        007EA0
__pcstackCOMRAM                 cstackCOMRAM 000040
__pdataCOMRAM                   dataCOMRAM   000027
__pidataCOMRAM                  idataCOMRAM  007E1B
__ptext0                        text0        007F9C
__ptext1                        text1        007E68
__ptext10                       text10       007E04
__ptext2                        text2        007F08
__ptext3                        text3        007E4E
__ptext4                        text4        007ED2
__ptext5                        text5        007F3E
__ptext6                        text6        007E34
__ptext7                        text7        007E82
__ptext8                        text8        007DF4
__ptext9                        text9        007DE4
__ramtop                        ramtop       000800
__size_of_Delay10KTCYx          (abs)        000000
__size_of_Delay10TCYx           (abs)        000000
__size_of_Delay1KTCYx           (abs)        000000
__size_of_lcd_char              (abs)        000000
__size_of_lcd_command           (abs)        000000
__size_of_lcd_cursor            (abs)        000000
__size_of_lcd_gpio_driver       (abs)        000000
__size_of_lcd_init              (abs)        000000
__size_of_lcd_string            (abs)        000000
__size_of_lcd_string_cursor     (abs)        000000
__size_of_main                  (abs)        000000
__smallconst                    smallconst   000000
_buffer_RX                      bssCOMRAM    000001
_lcd_char                       text3        007E4E
_lcd_command                    text6        007E34
_lcd_cursor                     text4        007ED2
_lcd_gpio_driver                text7        007E82
_lcd_init                       text5        007F3E
_lcd_string                     text2        007F08
_lcd_string_cursor              text1        007E68
_main                           text0        007F9C
_str_byebye                     dataCOMRAM   000036
_str_hello                      dataCOMRAM   000027
end_of_initialization           cinit        007ECC
intlevel0                       text         000000
intlevel1                       text         000000
intlevel2                       text         000000
intlevel3                       text         000000
lcd_char@data                   cstackCOMRAM 000043
lcd_command@cmd                 cstackCOMRAM 000043
lcd_cursor@col                  cstackCOMRAM 000044
lcd_cursor@i                    cstackCOMRAM 000046
lcd_cursor@row                  cstackCOMRAM 000045
lcd_gpio_driver@DR_or_IR        cstackCOMRAM 000042
lcd_gpio_driver@data_or_command cstackCOMRAM 000041
lcd_string@i                    cstackCOMRAM 000046
lcd_string@str                  cstackCOMRAM 000044
lcd_string_cursor@col           cstackCOMRAM 000047
lcd_string_cursor@row           cstackCOMRAM 00004A
lcd_string_cursor@str           cstackCOMRAM 000048
main@i                          cstackCOMRAM 00004B
stackhi                         (abs)        0007FF
stacklo                         (abs)        000060
start                           init         000000
start_initialization            cinit        007EA0


FUNCTION INFORMATION:

 *************** function _main *****************
 Defined at:
		line 14 in file "../../main.c"
 Parameters:    Size  Location     Type
		None
 Auto vars:     Size  Location     Type
  i               1   11[COMRAM] unsigned char 
 Return value:  Size  Location     Type
                  1    wreg      void 
 Registers used:
		wreg, fsr2l, fsr2h, status,2, status,0, prodl, prodh, cstack
 Tracked objects:
		On entry : 
		On exit  : 
		Unchanged: 
 Data sizes:     COMRAM   BANK0   BANK1   BANK2   BANK3   BANK4   BANK5   BANK6   BANK7
      Params:         0       0       0       0       0       0       0       0       0
      Locals:         1       0       0       0       0       0       0       0       0
      Temps:          0       0       0       0       0       0       0       0       0
      Totals:         1       0       0       0       0       0       0       0       0
Total ram usage:        1 bytes
 Hardware stack levels required when called:    5
 This function calls:
		_Delay10KTCYx
		_lcd_command
		_lcd_init
		_lcd_string
		_lcd_string_cursor
 This function is called by:
		Startup code after reset
 This function uses a non-reentrant model


 *************** function _lcd_string_cursor *****************
 Defined at:
		line 13 in file "../../../src/lcd_string_cursor.c"
 Parameters:    Size  Location     Type
  row             1    wreg     unsigned char 
  col             1    7[COMRAM] unsigned char 
  str             2    8[COMRAM] PTR unsigned char 
		 -> str_byebye(10), 
 Auto vars:     Size  Location     Type
  row             1   10[COMRAM] unsigned char 
 Return value:  Size  Location     Type
                  1    wreg      void 
 Registers used:
		wreg, fsr2l, fsr2h, status,2, status,0, prodl, prodh, cstack
 Tracked objects:
		On entry : 
		On exit  : 
		Unchanged: 
 Data sizes:     COMRAM   BANK0   BANK1   BANK2   BANK3   BANK4   BANK5   BANK6   BANK7
      Params:         3       0       0       0       0       0       0       0       0
      Locals:         1       0       0       0       0       0       0       0       0
      Temps:          0       0       0       0       0       0       0       0       0
      Totals:         4       0       0       0       0       0       0       0       0
Total ram usage:        4 bytes
 Hardware stack levels used:    1
 Hardware stack levels required when called:    4
 This function calls:
		_lcd_cursor
		_lcd_string
 This function is called by:
		_main
 This function uses a non-reentrant model


 *************** function _lcd_string *****************
 Defined at:
		line 11 in file "../../../src/lcd_string.c"
 Parameters:    Size  Location     Type
  str             2    4[COMRAM] PTR unsigned char 
		 -> str_byebye(10), str_hello(15), 
 Auto vars:     Size  Location     Type
  i               1    6[COMRAM] unsigned char 
 Return value:  Size  Location     Type
                  1    wreg      void 
 Registers used:
		wreg, fsr2l, fsr2h, status,2, status,0, prodl, prodh, cstack
 Tracked objects:
		On entry : 
		On exit  : 
		Unchanged: 
 Data sizes:     COMRAM   BANK0   BANK1   BANK2   BANK3   BANK4   BANK5   BANK6   BANK7
      Params:         2       0       0       0       0       0       0       0       0
      Locals:         1       0       0       0       0       0       0       0       0
      Temps:          0       0       0       0       0       0       0       0       0
      Totals:         3       0       0       0       0       0       0       0       0
Total ram usage:        3 bytes
 Hardware stack levels used:    1
 Hardware stack levels required when called:    3
 This function calls:
		_lcd_char
 This function is called by:
		_lcd_string_cursor
		_main
 This function uses a non-reentrant model


 *************** function _lcd_char *****************
 Defined at:
		line 13 in file "../../../src/lcd_char.c"
 Parameters:    Size  Location     Type
  data            1    wreg     unsigned char 
 Auto vars:     Size  Location     Type
  data            1    3[COMRAM] unsigned char 
 Return value:  Size  Location     Type
                  1    wreg      void 
 Registers used:
		wreg, cstack
 Tracked objects:
		On entry : 
		On exit  : 
		Unchanged: 
 Data sizes:     COMRAM   BANK0   BANK1   BANK2   BANK3   BANK4   BANK5   BANK6   BANK7
      Params:         0       0       0       0       0       0       0       0       0
      Locals:         1       0       0       0       0       0       0       0       0
      Temps:          0       0       0       0       0       0       0       0       0
      Totals:         1       0       0       0       0       0       0       0       0
Total ram usage:        1 bytes
 Hardware stack levels used:    1
 Hardware stack levels required when called:    2
 This function calls:
		_Delay1KTCYx
		_lcd_gpio_driver
 This function is called by:
		_lcd_string
		_lcd_char_cursor
 This function uses a non-reentrant model


 *************** function _lcd_cursor *****************
 Defined at:
		line 11 in file "../../../src/lcd_cursor.c"
 Parameters:    Size  Location     Type
  row             1    wreg     unsigned char 
  col             1    4[COMRAM] unsigned char 
 Auto vars:     Size  Location     Type
  row             1    5[COMRAM] unsigned char 
  i               1    6[COMRAM] unsigned char 
 Return value:  Size  Location     Type
                  1    wreg      void 
 Registers used:
		wreg, status,2, status,0, cstack
 Tracked objects:
		On entry : 
		On exit  : 
		Unchanged: 
 Data sizes:     COMRAM   BANK0   BANK1   BANK2   BANK3   BANK4   BANK5   BANK6   BANK7
      Params:         1       0       0       0       0       0       0       0       0
      Locals:         2       0       0       0       0       0       0       0       0
      Temps:          0       0       0       0       0       0       0       0       0
      Totals:         3       0       0       0       0       0       0       0       0
Total ram usage:        3 bytes
 Hardware stack levels used:    1
 Hardware stack levels required when called:    3
 This function calls:
		_lcd_command
 This function is called by:
		_lcd_string_cursor
		_lcd_char_cursor
 This function uses a non-reentrant model


 *************** function _lcd_init *****************
 Defined at:
		line 11 in file "../../../src/lcd_init.c"
 Parameters:    Size  Location     Type
		None
 Auto vars:     Size  Location     Type
		None
 Return value:  Size  Location     Type
                  1    wreg      void 
 Registers used:
		wreg, status,2, cstack
 Tracked objects:
		On entry : 
		On exit  : 
		Unchanged: 
 Data sizes:     COMRAM   BANK0   BANK1   BANK2   BANK3   BANK4   BANK5   BANK6   BANK7
      Params:         0       0       0       0       0       0       0       0       0
      Locals:         0       0       0       0       0       0       0       0       0
      Temps:          0       0       0       0       0       0       0       0       0
      Totals:         0       0       0       0       0       0       0       0       0
Total ram usage:        0 bytes
 Hardware stack levels used:    1
 Hardware stack levels required when called:    3
 This function calls:
		_Delay10KTCYx
		_Delay1KTCYx
		_lcd_command
 This function is called by:
		_main
 This function uses a non-reentrant model


 *************** function _lcd_command *****************
 Defined at:
		line 13 in file "../../../src/lcd_command.c"
 Parameters:    Size  Location     Type
  cmd             1    wreg     unsigned char 
 Auto vars:     Size  Location     Type
  cmd             1    3[COMRAM] unsigned char 
 Return value:  Size  Location     Type
                  1    wreg      void 
 Registers used:
		wreg, cstack
 Tracked objects:
		On entry : 
		On exit  : 
		Unchanged: 
 Data sizes:     COMRAM   BANK0   BANK1   BANK2   BANK3   BANK4   BANK5   BANK6   BANK7
      Params:         0       0       0       0       0       0       0       0       0
      Locals:         1       0       0       0       0       0       0       0       0
      Temps:          0       0       0       0       0       0       0       0       0
      Totals:         1       0       0       0       0       0       0       0       0
Total ram usage:        1 bytes
 Hardware stack levels used:    1
 Hardware stack levels required when called:    2
 This function calls:
		_Delay1KTCYx
		_lcd_gpio_driver
 This function is called by:
		_lcd_cursor
		_lcd_init
		_main
 This function uses a non-reentrant model


 *************** function _lcd_gpio_driver *****************
 Defined at:
		line 12 in file "../../../src/lcd_gpio_driver.c"
 Parameters:    Size  Location     Type
  DR_or_IR        1    wreg     unsigned char 
  data_or_comm    1    1[COMRAM] unsigned char 
 Auto vars:     Size  Location     Type
  DR_or_IR        1    2[COMRAM] unsigned char 
 Return value:  Size  Location     Type
                  1    wreg      void 
 Registers used:
		wreg, cstack
 Tracked objects:
		On entry : 
		On exit  : 
		Unchanged: 
 Data sizes:     COMRAM   BANK0   BANK1   BANK2   BANK3   BANK4   BANK5   BANK6   BANK7
      Params:         1       0       0       0       0       0       0       0       0
      Locals:         1       0       0       0       0       0       0       0       0
      Temps:          0       0       0       0       0       0       0       0       0
      Totals:         2       0       0       0       0       0       0       0       0
Total ram usage:        2 bytes
 Hardware stack levels used:    1
 Hardware stack levels required when called:    1
 This function calls:
		_Delay10TCYx
 This function is called by:
		_lcd_char
		_lcd_command
 This function uses a non-reentrant model


 *************** function _Delay10TCYx *****************
 Defined at:
		line 8 in file "C:\Program Files (x86)\Microchip\xc8\v1.45\sources\pic18\d10tcyx.c"
 Parameters:    Size  Location     Type
  unit            1    wreg     unsigned char 
 Auto vars:     Size  Location     Type
  unit            1    0[COMRAM] unsigned char 
 Return value:  Size  Location     Type
                  1    wreg      void 
 Registers used:
		wreg
 Tracked objects:
		On entry : 
		On exit  : 
		Unchanged: 
 Data sizes:     COMRAM   BANK0   BANK1   BANK2   BANK3   BANK4   BANK5   BANK6   BANK7
      Params:         0       0       0       0       0       0       0       0       0
      Locals:         1       0       0       0       0       0       0       0       0
      Temps:          0       0       0       0       0       0       0       0       0
      Totals:         1       0       0       0       0       0       0       0       0
Total ram usage:        1 bytes
 Hardware stack levels used:    1
 This function calls:
		Nothing
 This function is called by:
		_lcd_gpio_driver
 This function uses a non-reentrant model


 *************** function _Delay1KTCYx *****************
 Defined at:
		line 8 in file "C:\Program Files (x86)\Microchip\xc8\v1.45\sources\pic18\d1ktcyx.c"
 Parameters:    Size  Location     Type
  unit            1    wreg     unsigned char 
 Auto vars:     Size  Location     Type
  unit            1    0[COMRAM] unsigned char 
 Return value:  Size  Location     Type
                  1    wreg      void 
 Registers used:
		wreg
 Tracked objects:
		On entry : 
		On exit  : 
		Unchanged: 
 Data sizes:     COMRAM   BANK0   BANK1   BANK2   BANK3   BANK4   BANK5   BANK6   BANK7
      Params:         0       0       0       0       0       0       0       0       0
      Locals:         1       0       0       0       0       0       0       0       0
      Temps:          0       0       0       0       0       0       0       0       0
      Totals:         1       0       0       0       0       0       0       0       0
Total ram usage:        1 bytes
 Hardware stack levels used:    1
 This function calls:
		Nothing
 This function is called by:
		_lcd_char
		_lcd_command
		_lcd_init
 This function uses a non-reentrant model


 *************** function _Delay10KTCYx *****************
 Defined at:
		line 8 in file "C:\Program Files (x86)\Microchip\xc8\v1.45\sources\pic18\d10ktcyx.c"
 Parameters:    Size  Location     Type
  unit            1    wreg     unsigned char 
 Auto vars:     Size  Location     Type
  unit            1    1[COMRAM] unsigned char 
 Return value:  Size  Location     Type
                  1    wreg      void 
 Registers used:
		wreg
 Tracked objects:
		On entry : 
		On exit  : 
		Unchanged: 
 Data sizes:     COMRAM   BANK0   BANK1   BANK2   BANK3   BANK4   BANK5   BANK6   BANK7
      Params:         0       0       0       0       0       0       0       0       0
      Locals:         1       0       0       0       0       0       0       0       0
      Temps:          1       0       0       0       0       0       0       0       0
      Totals:         2       0       0       0       0       0       0       0       0
Total ram usage:        2 bytes
 Hardware stack levels used:    1
 This function calls:
		Nothing
 This function is called by:
		_lcd_init
		_main
 This function uses a non-reentrant model



MODULE INFORMATION

Module		Function		Class		Link	Load	Size
../../../src/lcd_string_cursor.c
		_lcd_string_cursor		CODE           	7E68	0000	27

../../../src/lcd_string_cursor.c estimated size: 27

C:\Program Files (x86)\Microchip\xc8\v1.45\sources\pic18\d10tcyx.c
		_Delay10TCYx   		CODE           	7DF4	0000	17

C:\Program Files (x86)\Microchip\xc8\v1.45\sources\pic18\d10tcyx.c estimated size: 17

../../main.c
		_main          		CODE           	7F9C	0000	101

../../main.c estimated size: 101

../../../src/lcd_cursor.c
		_lcd_cursor    		CODE           	7ED2	0000	55

../../../src/lcd_cursor.c estimated size: 55

C:\Program Files (x86)\Microchip\xc8\v1.45\sources\pic18\d1ktcyx.c
		_Delay1KTCYx   		CODE           	7DE4	0000	17

C:\Program Files (x86)\Microchip\xc8\v1.45\sources\pic18\d1ktcyx.c estimated size: 17

../../../src/lcd_gpio_driver.c
		_lcd_gpio_driver		CODE           	7E82	0000	31

../../../src/lcd_gpio_driver.c estimated size: 31

../../../src/lcd_init.c
		_lcd_init      		CODE           	7F3E	0000	95

../../../src/lcd_init.c estimated size: 95

../../../src/lcd_command.c
		_lcd_command   		CODE           	7E34	0000	27

../../../src/lcd_command.c estimated size: 27

shared
		__initialization		CODE           	7EA0	0000	45

shared estimated size: 45

../../../src/lcd_string.c
		_lcd_string    		CODE           	7F08	0000	55

../../../src/lcd_string.c estimated size: 55

../../../src/lcd_char.c
		_lcd_char      		CODE           	7E4E	0000	27

../../../src/lcd_char.c estimated size: 27

C:\Program Files (x86)\Microchip\xc8\v1.45\sources\pic18\d10ktcyx.c
		_Delay10KTCYx  		CODE           	7E04	0000	23

C:\Program Files (x86)\Microchip\xc8\v1.45\sources\pic18\d10ktcyx.c estimated size: 23

